Component: ARM Compiler 5.06 update 7 (build 960) Tool: armlink [4d3601]

==============================================================================

Section Cross References

    startup_stm32f103xb.o(RESET) refers to startup_stm32f103xb.o(STACK) for __initial_sp
    startup_stm32f103xb.o(RESET) refers to startup_stm32f103xb.o(.text) for Reset_Handler
    startup_stm32f103xb.o(RESET) refers to stm32f1xx_it.o(i.NMI_Handler) for NMI_Handler
    startup_stm32f103xb.o(RESET) refers to stm32f1xx_it.o(i.HardFault_Handler) for HardFault_Handler
    startup_stm32f103xb.o(RESET) refers to stm32f1xx_it.o(i.MemManage_Handler) for MemManage_Handler
    startup_stm32f103xb.o(RESET) refers to stm32f1xx_it.o(i.BusFault_Handler) for BusFault_Handler
    startup_stm32f103xb.o(RESET) refers to stm32f1xx_it.o(i.UsageFault_Handler) for UsageFault_Handler
    startup_stm32f103xb.o(RESET) refers to stm32f1xx_it.o(i.SVC_Handler) for SVC_Handler
    startup_stm32f103xb.o(RESET) refers to stm32f1xx_it.o(i.DebugMon_Handler) for DebugMon_Handler
    startup_stm32f103xb.o(RESET) refers to stm32f1xx_it.o(i.PendSV_Handler) for PendSV_Handler
    startup_stm32f103xb.o(RESET) refers to stm32f1xx_it.o(i.SysTick_Handler) for SysTick_Handler
    startup_stm32f103xb.o(RESET) refers to stm32f1xx_it.o(i.EXTI9_5_IRQHandler) for EXTI9_5_IRQHandler
    startup_stm32f103xb.o(RESET) refers to timer2.o(i.TIM3_IRQHandler) for TIM3_IRQHandler
    startup_stm32f103xb.o(RESET) refers to usart2.o(i.USART2_IRQHandler) for USART2_IRQHandler
    startup_stm32f103xb.o(.text) refers to system_stm32f1xx.o(i.SystemInit) for SystemInit
    startup_stm32f103xb.o(.text) refers to entry.o(.ARM.Collect$$$$00000000) for __main
    system_stm32f1xx.o(i.SystemCoreClockUpdate) refers to system_stm32f1xx.o(.data) for SystemCoreClock
    system_stm32f1xx.o(i.SystemCoreClockUpdate) refers to system_stm32f1xx.o(.constdata) for AHBPrescTable
    stm32f1xx_hal.o(i.HAL_DeInit) refers to stm32f1xx_hal.o(i.HAL_MspDeInit) for HAL_MspDeInit
    stm32f1xx_hal.o(i.HAL_Delay) refers to stm32f1xx_hal.o(i.HAL_GetTick) for HAL_GetTick
    stm32f1xx_hal.o(i.HAL_Delay) refers to stm32f1xx_hal.o(.data) for uwTickFreq
    stm32f1xx_hal.o(i.HAL_GetTick) refers to stm32f1xx_hal.o(.data) for uwTick
    stm32f1xx_hal.o(i.HAL_GetTickFreq) refers to stm32f1xx_hal.o(.data) for uwTickFreq
    stm32f1xx_hal.o(i.HAL_GetTickPrio) refers to stm32f1xx_hal.o(.data) for uwTickPrio
    stm32f1xx_hal.o(i.HAL_IncTick) refers to stm32f1xx_hal.o(.data) for uwTick
    stm32f1xx_hal.o(i.HAL_Init) refers to stm32f1xx_hal_cortex.o(i.HAL_NVIC_SetPriorityGrouping) for HAL_NVIC_SetPriorityGrouping
    stm32f1xx_hal.o(i.HAL_Init) refers to stm32f1xx_hal.o(i.HAL_InitTick) for HAL_InitTick
    stm32f1xx_hal.o(i.HAL_Init) refers to stm32f1xx_hal.o(i.HAL_MspInit) for HAL_MspInit
    stm32f1xx_hal.o(i.HAL_InitTick) refers to stm32f1xx_hal_cortex.o(i.HAL_SYSTICK_Config) for HAL_SYSTICK_Config
    stm32f1xx_hal.o(i.HAL_InitTick) refers to stm32f1xx_hal_cortex.o(i.HAL_NVIC_SetPriority) for HAL_NVIC_SetPriority
    stm32f1xx_hal.o(i.HAL_InitTick) refers to stm32f1xx_hal.o(.data) for uwTickFreq
    stm32f1xx_hal.o(i.HAL_InitTick) refers to system_stm32f1xx.o(.data) for SystemCoreClock
    stm32f1xx_hal.o(i.HAL_SetTickFreq) refers to stm32f1xx_hal.o(i.HAL_InitTick) for HAL_InitTick
    stm32f1xx_hal.o(i.HAL_SetTickFreq) refers to stm32f1xx_hal.o(.data) for uwTickFreq
    stm32f1xx_hal_adc.o(i.ADC_ConversionStop_Disable) refers to stm32f1xx_hal.o(i.HAL_GetTick) for HAL_GetTick
    stm32f1xx_hal_adc.o(i.ADC_DMAConvCplt) refers to stm32f1xx_hal_adc.o(i.HAL_ADC_ConvCpltCallback) for HAL_ADC_ConvCpltCallback
    stm32f1xx_hal_adc.o(i.ADC_DMAError) refers to stm32f1xx_hal_adc.o(i.HAL_ADC_ErrorCallback) for HAL_ADC_ErrorCallback
    stm32f1xx_hal_adc.o(i.ADC_DMAHalfConvCplt) refers to stm32f1xx_hal_adc.o(i.HAL_ADC_ConvHalfCpltCallback) for HAL_ADC_ConvHalfCpltCallback
    stm32f1xx_hal_adc.o(i.ADC_Enable) refers to stm32f1xx_hal.o(i.HAL_GetTick) for HAL_GetTick
    stm32f1xx_hal_adc.o(i.ADC_Enable) refers to system_stm32f1xx.o(.data) for SystemCoreClock
    stm32f1xx_hal_adc.o(i.HAL_ADC_ConfigChannel) refers to system_stm32f1xx.o(.data) for SystemCoreClock
    stm32f1xx_hal_adc.o(i.HAL_ADC_DeInit) refers to stm32f1xx_hal_adc.o(i.ADC_ConversionStop_Disable) for ADC_ConversionStop_Disable
    stm32f1xx_hal_adc.o(i.HAL_ADC_DeInit) refers to stm32f1xx_hal_adc.o(i.HAL_ADC_MspDeInit) for HAL_ADC_MspDeInit
    stm32f1xx_hal_adc.o(i.HAL_ADC_IRQHandler) refers to stm32f1xx_hal_adc.o(i.HAL_ADC_ConvCpltCallback) for HAL_ADC_ConvCpltCallback
    stm32f1xx_hal_adc.o(i.HAL_ADC_IRQHandler) refers to stm32f1xx_hal_adc_ex.o(i.HAL_ADCEx_InjectedConvCpltCallback) for HAL_ADCEx_InjectedConvCpltCallback
    stm32f1xx_hal_adc.o(i.HAL_ADC_IRQHandler) refers to stm32f1xx_hal_adc.o(i.HAL_ADC_LevelOutOfWindowCallback) for HAL_ADC_LevelOutOfWindowCallback
[...]
    ..\Drivers\STM32F1xx_HAL_Driver\Src\stm32f1xx_hal_crc.c 0x00000000   Number         0  stm32f1xx_hal_crc.o ABSOLUTE
    ..\Drivers\STM32F1xx_HAL_Driver\Src\stm32f1xx_hal_dac.c 0x00000000   Number         0  stm32f1xx_hal_dac.o ABSOLUTE
    ..\Drivers\STM32F1xx_HAL_Driver\Src\stm32f1xx_hal_dac_ex.c 0x00000000   Number         0  stm32f1xx_hal_dac_ex.o ABSOLUTE
    ..\Drivers\STM32F1xx_HAL_Driver\Src\stm32f1xx_hal_dma.c 0x00000000   Number         0  stm32f1xx_hal_dma.o ABSOLUTE
    ..\Drivers\STM32F1xx_HAL_Driver\Src\stm32f1xx_hal_eth.c 0x00000000   Number         0  stm32f1xx_hal_eth.o ABSOLUTE
    ..\Drivers\STM32F1xx_HAL_Driver\Src\stm32f1xx_hal_exti.c 0x00000000   Number         0  stm32f1xx_hal_exti.o ABSOLUTE
    ..\Drivers\STM32F1xx_HAL_Driver\Src\stm32f1xx_hal_flash.c 0x00000000   Number         0  stm32f1xx_hal_flash.o ABSOLUTE
    ..\Drivers\STM32F1xx_HAL_Driver\Src\stm32f1xx_hal_flash_ex.c 0x00000000   Number         0  stm32f1xx_hal_flash_ex.o ABSOLUTE
    ..\Drivers\STM32F1xx_HAL_Driver\Src\stm32f1xx_hal_gpio.c 0x00000000   Number         0  stm32f1xx_hal_gpio.o ABSOLUTE
    ..\Drivers\STM32F1xx_HAL_Driver\Src\stm32f1xx_hal_gpio_ex.c 0x00000000   Number         0  stm32f1xx_hal_gpio_ex.o ABSOLUTE
    ..\Drivers\STM32F1xx_HAL_Driver\Src\stm32f1xx_hal_hcd.c 0x00000000   Number         0  stm32f1xx_hal_hcd.o ABSOLUTE
    ..\Drivers\STM32F1xx_HAL_Driver\Src\stm32f1xx_hal_i2c.c 0x00000000   Number         0  stm32f1xx_hal_i2c.o ABSOLUTE
    ..\Drivers\STM32F1xx_HAL_Driver\Src\stm32f1xx_hal_i2s.c 0x00000000   Number         0  stm32f1xx_hal_i2s.o ABSOLUTE
    ..\Drivers\STM32F1xx_HAL_Driver\Src\stm32f1xx_hal_irda.c 0x00000000   Number         0  stm32f1xx_hal_irda.o ABSOLUTE
    ..\Drivers\STM32F1xx_HAL_Driver\Src\stm32f1xx_hal_iwdg.c 0x00000000   Number         0  stm32f1xx_hal_iwdg.o ABSOLUTE
    ..\Drivers\STM32F1xx_HAL_Driver\Src\stm32f1xx_hal_mmc.c 0x00000000   Number         0  stm32f1xx_hal_mmc.o ABSOLUTE
    ..\Drivers\STM32F1xx_HAL_Driver\Src\stm32f1xx_hal_nand.c 0x00000000   Number         0  stm32f1xx_hal_nand.o ABSOLUTE
    ..\Drivers\STM32F1xx_HAL_Driver\Src\stm32f1xx_hal_nor.c 0x00000000   Number         0  stm32f1xx_hal_nor.o ABSOLUTE
    ..\Drivers\STM32F1xx_HAL_Driver\Src\stm32f1xx_hal_pccard.c 0x00000000   Number         0  stm32f1xx_hal_pccard.o ABSOLUTE
    ..\Drivers\STM32F1xx_HAL_Driver\Src\stm32f1xx_hal_pcd.c 0x00000000   Number         0  stm32f1xx_hal_pcd.o ABSOLUTE
    ..\Drivers\STM32F1xx_HAL_Driver\Src\stm32f1xx_hal_pcd_ex.c 0x00000000   Number         0  stm32f1xx_hal_pcd_ex.o ABSOLUTE
    ..\Drivers\STM32F1xx_HAL_Driver\Src\stm32f1xx_hal_pwr.c 0x00000000   Number         0  stm32f1xx_hal_pwr.o ABSOLUTE
    ..\Drivers\STM32F1xx_HAL_Driver\Src\stm32f1xx_hal_rcc.c 0x00000000   Number         0  stm32f1xx_hal_rcc.o ABSOLUTE
    ..\Drivers\STM32F1xx_HAL_Driver\Src\stm32f1xx_hal_rcc_ex.c 0x00000000   Number         0  stm32f1xx_hal_rcc_ex.o ABSOLUTE
    ..\Drivers\STM32F1xx_HAL_Driver\Src\stm32f1xx_hal_rtc.c 0x00000000   Number         0  stm32f1xx_hal_rtc.o ABSOLUTE
    ..\Drivers\STM32F1xx_HAL_Driver\Src\stm32f1xx_hal_rtc_ex.c 0x00000000   Number         0  stm32f1xx_hal_rtc_ex.o ABSOLUTE
    ..\Drivers\STM32F1xx_HAL_Driver\Src\stm32f1xx_hal_sd.c 0x00000000   Number         0  stm32f1xx_hal_sd.o ABSOLUTE
    ..\Drivers\STM32F1xx_HAL_Driver\Src\stm32f1xx_hal_smartcard.c 0x00000000   Number         0  stm32f1xx_hal_smartcard.o ABSOLUTE
    ..\Drivers\STM32F1xx_HAL_Driver\Src\stm32f1xx_hal_spi.c 0x00000000   Number         0  stm32f1xx_hal_spi.o ABSOLUTE
    ..\Drivers\STM32F1xx_HAL_Driver\Src\stm32f1xx_hal_sram.c 0x00000000   Number         0  stm32f1xx_hal_sram.o ABSOLUTE
    ..\Drivers\STM32F1xx_HAL_Driver\Src\stm32f1xx_hal_tim.c 0x00000000   Number         0  stm32f1xx_hal_tim.o ABSOLUTE
    ..\Drivers\STM32F1xx_HAL_Driver\Src\stm32f1xx_hal_tim_ex.c 0x00000000   Number         0  stm32f1xx_hal_tim_ex.o ABSOLUTE
    ..\Drivers\STM32F1xx_HAL_Driver\Src\stm32f1xx_hal_uart.c 0x00000000   Number         0  stm32f1xx_hal_uart.o ABSOLUTE
    ..\Drivers\STM32F1xx_HAL_Driver\Src\stm32f1xx_hal_usart.c 0x00000000   Number         0  stm32f1xx_hal_usart.o ABSOLUTE
    ..\Drivers\STM32F1xx_HAL_Driver\Src\stm32f1xx_hal_wwdg.c 0x00000000   Number         0  stm32f1xx_hal_wwdg.o ABSOLUTE
    ..\Drivers\STM32F1xx_HAL_Driver\Src\stm32f1xx_ll_usb.c 0x00000000   Number         0  stm32f1xx_ll_usb.o ABSOLUTE
    ..\Drivers\driver_basic\src\misc.c       0x00000000   Number         0  misc.o ABSOLUTE
    ..\Drivers\driver_basic\src\stm32f10x_adc.c 0x00000000   Number         0  stm32f10x_adc.o ABSOLUTE
    ..\Drivers\driver_basic\src\stm32f10x_gpio.c 0x00000000   Number         0  stm32f10x_gpio.o ABSOLUTE
    ..\Drivers\driver_basic\src\stm32f10x_rcc.c 0x00000000   Number         0  stm32f10x_rcc.o ABSOLUTE
    ..\Drivers\driver_basic\src\stm32f10x_tim.c 0x00000000   Number         0  stm32f10x_tim.o ABSOLUTE
    ..\Drivers\driver_basic\src\stm32f10x_usart.c 0x00000000   Number         0  stm32f10x_usart.o ABSOLUTE
    ..\User\Timer1.c                         0x00000000   Number         0  timer1.o ABSOLUTE
    ..\User\Timer2.c                         0x00000000   Number         0  timer2.o ABSOLUTE
    ..\User\ad8232\AD.c                      0x00000000   Number         0  ad.o ABSOLUTE
    ..\User\ad8232\AD8232.c                  0x00000000   Number         0  ad8232.o ABSOLUTE
    ..\User\esp01s\Key.c                     0x00000000   Number         0  key.o ABSOLUTE
    ..\User\esp01s\esp8266.c                 0x00000000   Number         0  esp8266.o ABSOLUTE
    ..\User\esp01s\usart2.c                  0x00000000   Number         0  usart2.o ABSOLUTE
    ..\User\i2c\bsp_i2c.c                    0x00000000   Number         0  bsp_i2c.o ABSOLUTE
    ..\User\led\bsp_led.c                    0x00000000   Number         0  bsp_led.o ABSOLUTE
    ..\User\main.c                           0x00000000   Number         0  main.o ABSOLUTE
    ..\User\max30102\max30102.c              0x00000000   Number         0  max30102.o ABSOLUTE
    ..\User\max30102\max30102_fir.c          0x00000000   Number         0  max30102_fir.o ABSOLUTE
    ..\User\oled\OLED.c                      0x00000000   Number         0  oled.o ABSOLUTE
    ..\User\oled\OLED_Data.c                 0x00000000   Number         0  oled_data.o ABSOLUTE
    ..\User\stm32f1xx_it.c                   0x00000000   Number         0  stm32f1xx_it.o ABSOLUTE
    ..\User\usart\bsp_debug_usart.c          0x00000000   Number         0  bsp_debug_usart.o ABSOLUTE
    ..\\..\\Source\\FilteringFunctions\\arm_fir_f32.c 0x00000000   Number         0  arm_fir_f32.o ABSOLUTE
    ..\\..\\Source\\FilteringFunctions\\arm_fir_init_f32.c 0x00000000   Number         0  arm_fir_init_f32.o ABSOLUTE
    ..\\Drivers\\CMSIS\\Device\\ST\\STM32F1xx\\Source\\Templates\\system_stm32f1xx.c 0x00000000   Number         0  system_stm32f1xx.o ABSOLUTE
    ..\\Drivers\\STM32F1xx_HAL_Driver\\Src\\stm32f1xx_hal.c 0x00000000   Number         0  stm32f1xx_hal.o ABSOLUTE
    ..\\Drivers\\STM32F1xx_HAL_Driver\\Src\\stm32f1xx_hal_adc.c 0x00000000   Number         0  stm32f1xx_hal_adc.o ABSOLUTE
    ..\\Drivers\\STM32F1xx_HAL_Driver\\Src\\stm32f1xx_hal_adc_ex.c 0x00000000   Number         0  stm32f1xx_hal_adc_ex.o ABSOLUTE
    ..\\Drivers\\STM32F1xx_HAL_Driver\\Src\\stm32f1xx_hal_can.c 0x00000000   Number         0  stm32f1xx_hal_can.o ABSOLUTE
    ..\\Drivers\\STM32F1xx_HAL_Driver\\Src\\stm32f1xx_hal_cec.c 0x00000000   Number         0  stm32f1xx_hal_cec.o ABSOLUTE
    ..\\Drivers\\STM32F1xx_HAL_Driver\\Src\\stm32f1xx_hal_cortex.c 0x00000000   Number         0  stm32f1xx_hal_cortex.o ABSOLUTE
    ..\\Drivers\\STM32F1xx_HAL_Driver\\Src\\stm32f1xx_hal_crc.c 0x00000000   Number         0  stm32f1xx_hal_crc.o ABSOLUTE
    ..\\Drivers\\STM32F1xx_HAL_Driver\\Src\\stm32f1xx_hal_dac.c 0x00000000   Number         0  stm32f1xx_hal_dac.o ABSOLUTE
    ..\\Drivers\\STM32F1xx_HAL_Driver\\Src\\stm32f1xx_hal_dac_ex.c 0x00000000   Number         0  stm32f1xx_hal_dac_ex.o ABSOLUTE
    ..\\Drivers\\STM32F1xx_HAL_Driver\\Src\\stm32f1xx_hal_dma.c 0x00000000   Number         0  stm32f1xx_hal_dma.o ABSOLUTE
    ..\\Drivers\\STM32F1xx_HAL_Driver\\Src\\stm32f1xx_hal_eth.c 0x00000000   Number         0  stm32f1xx_hal_eth.o ABSOLUTE
    ..\\Drivers\\STM32F1xx_HAL_Driver\\Src\\stm32f1xx_hal_exti.c 0x00000000   Number         0  stm32f1xx_hal_exti.o ABSOLUTE
    ..\\Drivers\\STM32F1xx_HAL_Driver\\Src\\stm32f1xx_hal_flash.c 0x00000000   Number         0  stm32f1xx_hal_flash.o ABSOLUTE
    ..\\Drivers\\STM32F1xx_HAL_Driver\\Src\\stm32f1xx_hal_flash_ex.c 0x00000000   Number         0  stm32f1xx_hal_flash_ex.o ABSOLUTE
    ..\\Drivers\\STM32F1xx_HAL_Driver\\Src\\stm32f1xx_hal_gpio.c 0x00000000   Number         0  stm32f1xx_hal_gpio.o ABSOLUTE
    ..\\Drivers\\STM32F1xx_HAL_Driver\\Src\\stm32f1xx_hal_gpio_ex.c 0x00000000   Number         0  stm32f1xx_hal_gpio_ex.o ABSOLUTE
    ..\\Drivers\\STM32F1xx_HAL_Driver\\Src\\stm32f1xx_hal_hcd.c 0x00000000   Number         0  stm32f1xx_hal_hcd.o ABSOLUTE
    ..\\Drivers\\STM32F1xx_HAL_Driver\\Src\\stm32f1xx_hal_i2c.c 0x00000000   Number         0  stm32f1xx_hal_i2c.o ABSOLUTE
    ..\\Drivers\\STM32F1xx_HAL_Driver\\Src\\stm32f1xx_hal_i2s.c 0x00000000   Number         0  stm32f1xx_hal_i2s.o ABSOLUTE
    ..\\Drivers\\STM32F1xx_HAL_Driver\\Src\\stm32f1xx_hal_irda.c 0x00000000   Number         0  stm32f1xx_hal_irda.o ABSOLUTE
    ..\\Drivers\\STM32F1xx_HAL_Driver\\Src\\stm32f1xx_hal_iwdg.c 0x00000000   Number         0  stm32f1xx_hal_iwdg.o ABSOLUTE
    ..\\Drivers\\STM32F1xx_HAL_Driver\\Src\\stm32f1xx_hal_mmc.c 0x00000000   Number         0  stm32f1xx_hal_mmc.o ABSOLUTE
    ..\\Drivers\\STM32F1xx_HAL_Driver\\Src\\stm32f1xx_hal_nand.c 0x00000000   Number         0  stm32f1xx_hal_nand.o ABSOLUTE
    ..\\Drivers\\STM32F1xx_HAL_Driver\\Src\\stm32f1xx_hal_nor.c 0x00000000   Number         0  stm32f1xx_hal_nor.o ABSOLUTE
    ..\\Drivers\\STM32F1xx_HAL_Driver\\Src\\stm32f1xx_hal_pccard.c 0x00000000   Number         0  stm32f1xx_hal_pccard.o ABSOLUTE
    ..\\Drivers\\STM32F1xx_HAL_Driver\\Src\\stm32f1xx_hal_pcd.c 0x00000000   Number         0  stm32f1xx_hal_pcd.o ABSOLUTE
    ..\\Drivers\\STM32F1xx_HAL_Driver\\Src\\stm32f1xx_hal_pcd_ex.c 0x00000000   Number         0  stm32f1xx_hal_pcd_ex.o ABSOLUTE
    ..\\Drivers\\STM32F1xx_HAL_Driver\\Src\\stm32f1xx_hal_pwr.c 0x00000000   Number         0  stm32f1xx_hal_pwr.o ABSOLUTE
    ..\\Drivers\\STM32F1xx_HAL_Driver\\Src\\stm32f1xx_hal_rcc.c 0x00000000   Number         0  stm32f1xx_hal_rcc.o ABSOLUTE
    ..\\Drivers\\STM32F1xx_HAL_Driver\\Src\\stm32f1xx_hal_rcc_ex.c 0x00000000   Number         0  stm32f1xx_hal_rcc_ex.o ABSOLUTE
    ..\\Drivers\\STM32F1xx_HAL_Driver\\Src\\stm32f1xx_hal_rtc.c 0x00000000   Number         0  stm32f1xx_hal_rtc.o ABSOLUTE
    ..\\Drivers\\STM32F1xx_HAL_Driver\\Src\\stm32f1xx_hal_rtc_ex.c 0x00000000   Number         0  stm32f1xx_hal_rtc_ex.o ABSOLUTE
    ..\\Drivers\\STM32F1xx_HAL_Driver\\Src\\stm32f1xx_hal_sd.c 0x00000000   Number         0  stm32f1xx_hal_sd.o ABSOLUTE
    ..\\Drivers\\STM32F1xx_HAL_Driver\\Src\\stm32f1xx_hal_smartcard.c 0x00000000   Number         0  stm32f1xx_hal_smartcard.o ABSOLUTE
    ..\\Drivers\\STM32F1xx_HAL_Driver\\Src\\stm32f1xx_hal_spi.c 0x00000000   Number         0  stm32f1xx_hal_spi.o ABSOLUTE
    ..\\Drivers\\STM32F1xx_HAL_Driver\\Src\\stm32f1xx_hal_sram.c 0x00000000   Number         0  stm32f1xx_hal_sram.o ABSOLUTE
    ..\\Drivers\\STM32F1xx_HAL_Driver\\Src\\stm32f1xx_hal_tim.c 0x00000000   Number         0  stm32f1xx_hal_tim.o ABSOLUTE
    ..\\Drivers\\STM32F1xx_HAL_Driver\\Src\\stm32f1xx_hal_tim_ex.c 0x00000000   Number         0  stm32f1xx_hal_tim_ex.o ABSOLUTE
    ..\\Drivers\\STM32F1xx_HAL_Driver\\Src\\stm32f1xx_hal_uart.c 0x00000000   Number         0  stm32f1xx_hal_uart.o ABSOLUTE
    ..\\Drivers\\STM32F1xx_HAL_Driver\\Src\\stm32f1xx_hal_usart.c 0x00000000   Number         0  stm32f1xx_hal_usart.o ABSOLUTE
    ..\\Drivers\\STM32F1xx_HAL_Driver\\Src\\stm32f1xx_hal_wwdg.c 0x00000000   Number         0  stm32f1xx_hal_wwdg.o ABSOLUTE
    ..\\Drivers\\STM32F1xx_HAL_Driver\\Src\\stm32f1xx_ll_usb.c 0x00000000   Number         0  stm32f1xx_ll_usb.o ABSOLUTE
    ..\\Drivers\\driver_basic\\src\\misc.c   0x00000000   Number         0  misc.o ABSOLUTE
    ..\\Drivers\\driver_basic\\src\\stm32f10x_adc.c 0x00000000   Number         0  stm32f10x_adc.o ABSOLUTE
    ..\\Drivers\\driver_basic\\src\\stm32f10x_gpio.c 0x00000000   Number         0  stm32f10x_gpio.o ABSOLUTE
    ..\\Drivers\\driver_basic\\src\\stm32f10x_rcc.c 0x00000000   Number         0  stm32f10x_rcc.o ABSOLUTE
    ..\\Drivers\\driver_basic\\src\\stm32f10x_tim.c 0x00000000   Number         0  stm32f10x_tim.o ABSOLUTE
    ..\\Drivers\\driver_basic\\src\\stm32f10x_usart.c 0x00000000   Number         0  stm32f10x_usart.o ABSOLUTE
    ..\\User\\Timer1.c                       0x00000000   Number         0  timer1.o ABSOLUTE
    ..\\User\\Timer2.c                       0x00000000   Number         0  timer2.o ABSOLUTE
    ..\\User\\ad8232\\AD.c                   0x00000000   Number         0  ad.o ABSOLUTE
    ..\\User\\ad8232\\AD8232.c               0x00000000   Number         0  ad8232.o ABSOLUTE
    ..\\User\\esp01s\\Key.c                  0x00000000   Number         0  key.o ABSOLUTE
    ..\\User\\esp01s\\esp8266.c              0x00000000   Number         0  esp8266.o ABSOLUTE
    ..\\User\\esp01s\\usart2.c               0x00000000   Number         0  usart2.o ABSOLUTE
    ..\\User\\i2c\\bsp_i2c.c                 0x00000000   Number         0  bsp_i2c.o ABSOLUTE
    ..\\User\\led\\bsp_led.c                 0x00000000   Number         0  bsp_led.o ABSOLUTE
    ..\\User\\main.c                         0x00000000   Number         0  main.o ABSOLUTE
    ..\\User\\max30102\\max30102.c           0x00000000   Number         0  max30102.o ABSOLUTE
    ..\\User\\max30102\\max30102_fir.c       0x00000000   Number         0  max30102_fir.o ABSOLUTE
    ..\\User\\oled\\OLED.c                   0x00000000   Number         0  oled.o ABSOLUTE
    ..\\User\\stm32f1xx_it.c                 0x00000000   Number         0  stm32f1xx_it.o ABSOLUTE
    ..\\User\\usart\\bsp_debug_usart.c       0x00000000   Number         0  bsp_debug_usart.o ABSOLUTE
    cdcmple.s                                0x00000000   Number         0  cdcmple.o ABSOLUTE
    cdrcmple.s                               0x00000000   Number         0  cdrcmple.o ABSOLUTE
    cfcmple.s                                0x00000000   Number         0  cfcmple.o ABSOLUTE
    cfrcmple.s                               0x00000000   Number         0  cfrcmple.o ABSOLUTE
    dc.s                                     0x00000000   Number         0  dc.o ABSOLUTE
    handlers.s                               0x00000000   Number         0  handlers.o ABSOLUTE
    init.s                                   0x00000000   Number         0  init.o ABSOLUTE
    RESET                                    0x08000000   Section      236  startup_stm32f103xb.o(RESET)
    .ARM.Collect$$$$00000000                 0x080000ec   Section        0  entry.o(.ARM.Collect$$$$00000000)
    .ARM.Collect$$$$00000001                 0x080000ec   Section        4  entry2.o(.ARM.Collect$$$$00000001)
    .ARM.Collect$$$$00000004                 0x080000f0   Section        4  entry5.o(.ARM.Collect$$$$00000004)
    .ARM.Collect$$$$00000008                 0x080000f4   Section        0  entry7b.o(.ARM.Collect$$$$00000008)
    .ARM.Collect$$$$0000000A                 0x080000f4   Section        0  entry8b.o(.ARM.Collect$$$$0000000A)
    .ARM.Collect$$$$0000000B                 0x080000f4   Section        8  entry9a.o(.ARM.Collect$$$$0000000B)
    .ARM.Collect$$$$0000000E                 0x080000fc   Section        4  entry12b.o(.ARM.Collect$$$$0000000E)
    .ARM.Collect$$$$0000000F                 0x08000100   Section        0  entry10a.o(.ARM.Collect$$$$0000000F)
    .ARM.Collect$$$$00000011                 0x08000100   Section        0  entry11a.o(.ARM.Collect$$$$00000011)
    .ARM.Collect$$$$00002712                 0x08000100   Section        4  entry2.o(.ARM.Collect$$$$00002712)
    __lit__00000000                          0x08000100   Data           4  entry2.o(.ARM.Collect$$$$00002712)
    .text                                    0x08000104   Section       36  startup_stm32f103xb.o(.text)
    .text                                    0x08000128   Section        0  arm_fir_f32.o(.text)
    .text                                    0x08000a0a   Section        0  arm_fir_init_f32.o(.text)
    .text                                    0x08000a26   Section        0  llushr.o(.text)
    .text                                    0x08000a46   Section        0  memseta.o(.text)
    .text                                    0x08000a6a   Section        0  strlen.o(.text)
    .text                                    0x08000a78   Section        0  fadd.o(.text)
    .text                                    0x08000b28   Section        0  fmul.o(.text)
    .text                                    0x08000b8c   Section        0  fdiv.o(.text)
    .text                                    0x08000c08   Section        0  dadd.o(.text)
    .text                                    0x08000d56   Section        0  dmul.o(.text)
    .text                                    0x08000e3a   Section        0  ddiv.o(.text)
    .text                                    0x08000f18   Section        0  ffltui.o(.text)
    .text                                    0x08000f22   Section        0  ffixui.o(.text)
    .text                                    0x08000f4a   Section        0  f2d.o(.text)
    .text                                    0x08000f70   Section       48  cdrcmple.o(.text)
    .text                                    0x08000fa0   Section        0  d2f.o(.text)
    .text                                    0x08000fd8   Section       20  cfcmple.o(.text)
    .text                                    0x08000fec   Section       20  cfrcmple.o(.text)
    .text                                    0x08001000   Section        0  uidiv.o(.text)
    .text                                    0x0800102c   Section        0  uldiv.o(.text)
    .text                                    0x0800108e   Section        0  llshl.o(.text)
    .text                                    0x080010ac   Section        0  llsshr.o(.text)
    .text                                    0x080010d0   Section        0  iusefp.o(.text)
    .text                                    0x080010d0   Section        0  fepilogue.o(.text)
    .text                                    0x0800113e   Section        0  depilogue.o(.text)
    .text                                    0x080011f8   Section        0  dfixul.o(.text)
    .text                                    0x08001228   Section       36  init.o(.text)
    i.AD8232Init                             0x0800124c   Section        0  ad8232.o(i.AD8232Init)
    i.ADC_Cmd                                0x0800128c   Section        0  stm32f10x_adc.o(i.ADC_Cmd)
    i.ADC_GetCalibrationStatus               0x080012a2   Section        0  stm32f10x_adc.o(i.ADC_GetCalibrationStatus)
    i.ADC_GetConversionValue                 0x080012b6   Section        0  stm32f10x_adc.o(i.ADC_GetConversionValue)
    i.ADC_GetFlagStatus                      0x080012be   Section        0  stm32f10x_adc.o(i.ADC_GetFlagStatus)
    i.ADC_GetResetCalibrationStatus          0x080012d0   Section        0  stm32f10x_adc.o(i.ADC_GetResetCalibrationStatus)
    i.ADC_Init                               0x080012e4   Section        0  stm32f10x_adc.o(i.ADC_Init)
    i.ADC_RegularChannelConfig               0x08001334   Section        0  stm32f10x_adc.o(i.ADC_RegularChannelConfig)
    i.ADC_ResetCalibration                   0x080013ec   Section        0  stm32f10x_adc.o(i.ADC_ResetCalibration)
    i.ADC_SoftwareStartConvCmd               0x080013f6   Section        0  stm32f10x_adc.o(i.ADC_SoftwareStartConvCmd)
    i.ADC_StartCalibration                   0x0800140c   Section        0  stm32f10x_adc.o(i.ADC_StartCalibration)
    i.AD_GetValue                            0x08001418   Section        0  ad.o(i.AD_GetValue)
    i.AD_Init                                0x0800143c   Section        0  ad.o(i.AD_Init)
    i.BusFault_Handler                       0x080014dc   Section        0  stm32f1xx_it.o(i.BusFault_Handler)
    i.DebugMon_Handler                       0x080014e0   Section        0  stm32f1xx_it.o(i.DebugMon_Handler)
    i.ESP8266_Init                           0x080014e4   Section        0  esp8266.o(i.ESP8266_Init)
    i.ESP8266_Send                           0x08001584   Section        0  esp8266.o(i.ESP8266_Send)
    i.EXTI9_5_IRQHandler                     0x080015ec   Section        0  stm32f1xx_it.o(i.EXTI9_5_IRQHandler)
    i.GPIO_Init                              0x080015f6   Section        0  stm32f10x_gpio.o(i.GPIO_Init)
    i.GPIO_WriteBit                          0x0800170c   Section        0  stm32f10x_gpio.o(i.GPIO_WriteBit)
    i.HAL_Delay                              0x08001718   Section        0  stm32f1xx_hal.o(i.HAL_Delay)
    i.HAL_GPIO_EXTI_Callback                 0x08001740   Section        0  main.o(i.HAL_GPIO_EXTI_Callback)
    i.HAL_GPIO_EXTI_IRQHandler               0x08001750   Section        0  stm32f1xx_hal_gpio.o(i.HAL_GPIO_EXTI_IRQHandler)
    i.HAL_GPIO_Init                          0x0800176c   Section        0  stm32f1xx_hal_gpio.o(i.HAL_GPIO_Init)
    i.HAL_GetTick                            0x08001a8c   Section        0  stm32f1xx_hal.o(i.HAL_GetTick)
    i.HAL_I2C_GetState                       0x08001a98   Section        0  stm32f1xx_hal_i2c.o(i.HAL_I2C_GetState)
    i.HAL_I2C_Init                           0x08001aa0   Section        0  stm32f1xx_hal_i2c.o(i.HAL_I2C_Init)
    i.HAL_I2C_Master_Receive                 0x08001c70   Section        0  stm32f1xx_hal_i2c.o(i.HAL_I2C_Master_Receive)
    i.HAL_I2C_Master_Transmit                0x08001fdc   Section        0  stm32f1xx_hal_i2c.o(i.HAL_I2C_Master_Transmit)
    i.HAL_I2C_MspInit                        0x0800214c   Section        0  stm32f1xx_hal_i2c.o(i.HAL_I2C_MspInit)
    i.HAL_IncTick                            0x08002150   Section        0  stm32f1xx_hal.o(i.HAL_IncTick)
    i.HAL_Init                               0x08002168   Section        0  stm32f1xx_hal.o(i.HAL_Init)
    i.HAL_InitTick                           0x08002190   Section        0  stm32f1xx_hal.o(i.HAL_InitTick)
    i.HAL_MspInit                            0x080021dc   Section        0  stm32f1xx_hal.o(i.HAL_MspInit)
    i.HAL_NVIC_EnableIRQ                     0x080021de   Section        0  stm32f1xx_hal_cortex.o(i.HAL_NVIC_EnableIRQ)
    i.HAL_NVIC_SetPriority                   0x080021fe   Section        0  stm32f1xx_hal_cortex.o(i.HAL_NVIC_SetPriority)
    i.HAL_NVIC_SetPriorityGrouping           0x0800227c   Section        0  stm32f1xx_hal_cortex.o(i.HAL_NVIC_SetPriorityGrouping)
    i.HAL_RCC_ClockConfig                    0x080022a4   Section        0  stm32f1xx_hal_rcc.o(i.HAL_RCC_ClockConfig)
    i.HAL_RCC_GetHCLKFreq                    0x08002430   Section        0  stm32f1xx_hal_rcc.o(i.HAL_RCC_GetHCLKFreq)
    i.HAL_RCC_GetPCLK1Freq                   0x0800243c   Section        0  stm32f1xx_hal_rcc.o(i.HAL_RCC_GetPCLK1Freq)
    i.HAL_RCC_GetSysClockFreq                0x0800245c   Section        0  stm32f1xx_hal_rcc.o(i.HAL_RCC_GetSysClockFreq)
    i.HAL_RCC_OscConfig                      0x080024cc   Section        0  stm32f1xx_hal_rcc.o(i.HAL_RCC_OscConfig)
    i.HAL_SYSTICK_Config                     0x08002930   Section        0  stm32f1xx_hal_cortex.o(i.HAL_SYSTICK_Config)
    i.HardFault_Handler                      0x08002964   Section        0  stm32f1xx_it.o(i.HardFault_Handler)
    i.I2C_IsAcknowledgeFailed                0x08002968   Section        0  stm32f1xx_hal_i2c.o(i.I2C_IsAcknowledgeFailed)
    I2C_IsAcknowledgeFailed                  0x08002969   Thumb Code    62  stm32f1xx_hal_i2c.o(i.I2C_IsAcknowledgeFailed)
    i.I2C_MasterRequestRead                  0x080029a8   Section        0  stm32f1xx_hal_i2c.o(i.I2C_MasterRequestRead)
    I2C_MasterRequestRead                    0x080029a9   Thumb Code   308  stm32f1xx_hal_i2c.o(i.I2C_MasterRequestRead)
    i.I2C_MasterRequestWrite                 0x08002ae0   Section        0  stm32f1xx_hal_i2c.o(i.I2C_MasterRequestWrite)
    I2C_MasterRequestWrite                   0x08002ae1   Thumb Code   186  stm32f1xx_hal_i2c.o(i.I2C_MasterRequestWrite)
    i.I2C_WaitOnBTFFlagUntilTimeout          0x08002ba0   Section        0  stm32f1xx_hal_i2c.o(i.I2C_WaitOnBTFFlagUntilTimeout)
    I2C_WaitOnBTFFlagUntilTimeout            0x08002ba1   Thumb Code   102  stm32f1xx_hal_i2c.o(i.I2C_WaitOnBTFFlagUntilTimeout)
    i.I2C_WaitOnFlagUntilTimeout             0x08002c06   Section        0  stm32f1xx_hal_i2c.o(i.I2C_WaitOnFlagUntilTimeout)
    I2C_WaitOnFlagUntilTimeout               0x08002c07   Thumb Code   190  stm32f1xx_hal_i2c.o(i.I2C_WaitOnFlagUntilTimeout)
    i.I2C_WaitOnMasterAddressFlagUntilTimeout 0x08002cc4   Section        0  stm32f1xx_hal_i2c.o(i.I2C_WaitOnMasterAddressFlagUntilTimeout)
    I2C_WaitOnMasterAddressFlagUntilTimeout  0x08002cc5   Thumb Code   250  stm32f1xx_hal_i2c.o(i.I2C_WaitOnMasterAddressFlagUntilTimeout)
    i.I2C_WaitOnRXNEFlagUntilTimeout         0x08002dbe   Section        0  stm32f1xx_hal_i2c.o(i.I2C_WaitOnRXNEFlagUntilTimeout)
    I2C_WaitOnRXNEFlagUntilTimeout           0x08002dbf   Thumb Code   138  stm32f1xx_hal_i2c.o(i.I2C_WaitOnRXNEFlagUntilTimeout)
    i.I2C_WaitOnTXEFlagUntilTimeout          0x08002e48   Section        0  stm32f1xx_hal_i2c.o(i.I2C_WaitOnTXEFlagUntilTimeout)
    I2C_WaitOnTXEFlagUntilTimeout            0x08002e49   Thumb Code   102  stm32f1xx_hal_i2c.o(i.I2C_WaitOnTXEFlagUntilTimeout)
    i.I2cMaster_Init                         0x08002eb0   Section        0  bsp_i2c.o(i.I2cMaster_Init)
    i.Key_Init                               0x08002f84   Section        0  key.o(i.Key_Init)
    i.LED_GPIO_Config                        0x08002fb0   Section        0  bsp_led.o(i.LED_GPIO_Config)
    i.Lowpass                                0x08003050   Section        0  ad8232.o(i.Lowpass)
    i.MemManage_Handler                      0x08003076   Section        0  stm32f1xx_it.o(i.MemManage_Handler)
    i.NMI_Handler                            0x0800307a   Section        0  stm32f1xx_it.o(i.NMI_Handler)
    i.NVIC_Init                              0x0800307c   Section        0  misc.o(i.NVIC_Init)
    i.NVIC_PriorityGroupConfig               0x080030ec   Section        0  misc.o(i.NVIC_PriorityGroupConfig)
    i.OLED_Clear                             0x08003100   Section        0  oled.o(i.OLED_Clear)
    i.OLED_ClearArea                         0x08003128   Section        0  oled.o(i.OLED_ClearArea)
    i.OLED_DrawLine                          0x080031d0   Section        0  oled.o(i.OLED_DrawLine)
    i.OLED_DrawPoint                         0x08003348   Section        0  oled.o(i.OLED_DrawPoint)
    i.OLED_DrawTriangle                      0x08003398   Section        0  oled.o(i.OLED_DrawTriangle)
    i.OLED_GPIO_Init                         0x08003480   Section        0  oled.o(i.OLED_GPIO_Init)
    i.OLED_I2C_SendByte                      0x080034e0   Section        0  oled.o(i.OLED_I2C_SendByte)
    i.OLED_I2C_Start                         0x0800351e   Section        0  oled.o(i.OLED_I2C_Start)
    i.OLED_I2C_Stop                          0x0800353a   Section        0  oled.o(i.OLED_I2C_Stop)
    i.OLED_Init                              0x08003550   Section        0  oled.o(i.OLED_Init)
    i.OLED_Pow                               0x080035ea   Section        0  oled.o(i.OLED_Pow)
    i.OLED_SetCursor                         0x080035fe   Section        0  oled.o(i.OLED_SetCursor)
    i.OLED_ShowChar                          0x08003620   Section        0  oled.o(i.OLED_ShowChar)
    i.OLED_ShowImage                         0x08003674   Section        0  oled.o(i.OLED_ShowImage)
    i.OLED_ShowNum                           0x080037a0   Section        0  oled.o(i.OLED_ShowNum)
    i.OLED_Update                            0x080037ec   Section        0  oled.o(i.OLED_Update)
    i.OLED_W_SCL                             0x08003814   Section        0  oled.o(i.OLED_W_SCL)
    i.OLED_W_SDA                             0x0800382c   Section        0  oled.o(i.OLED_W_SDA)
    i.OLED_WriteCommand                      0x08003844   Section        0  oled.o(i.OLED_WriteCommand)
    i.OLED_WriteData                         0x08003864   Section        0  oled.o(i.OLED_WriteData)
    i.OLED_pnpoly                            0x08003892   Section        0  oled.o(i.OLED_pnpoly)
    i.PendSV_Handler                         0x0800391e   Section        0  stm32f1xx_it.o(i.PendSV_Handler)
    i.RCC_ADCCLKConfig                       0x08003920   Section        0  stm32f10x_rcc.o(i.RCC_ADCCLKConfig)
    i.RCC_APB1PeriphClockCmd                 0x08003938   Section        0  stm32f10x_rcc.o(i.RCC_APB1PeriphClockCmd)
    i.RCC_APB2PeriphClockCmd                 0x08003958   Section        0  stm32f10x_rcc.o(i.RCC_APB2PeriphClockCmd)
    i.RCC_Delay                              0x08003978   Section        0  stm32f1xx_hal_rcc.o(i.RCC_Delay)
    RCC_Delay                                0x08003979   Thumb Code    36  stm32f1xx_hal_rcc.o(i.RCC_Delay)
    i.RCC_GetClocksFreq                      0x080039a0   Section        0  stm32f10x_rcc.o(i.RCC_GetClocksFreq)
    i.SVC_Handler                            0x08003a74   Section        0  stm32f1xx_it.o(i.SVC_Handler)
    i.SysTick_Handler                        0x08003a76   Section        0  stm32f1xx_it.o(i.SysTick_Handler)
    i.SystemClock_Config                     0x08003a7e   Section        0  main.o(i.SystemClock_Config)
    i.SystemInit                             0x08003ade   Section        0  system_stm32f1xx.o(i.SystemInit)
    i.TIM3_IRQHandler                        0x08003ae0   Section        0  timer2.o(i.TIM3_IRQHandler)
    i.TIM_ClearFlag                          0x08003c60   Section        0  stm32f10x_tim.o(i.TIM_ClearFlag)
    i.TIM_ClearITPendingBit                  0x08003c66   Section        0  stm32f10x_tim.o(i.TIM_ClearITPendingBit)
    i.TIM_Cmd                                0x08003c6c   Section        0  stm32f10x_tim.o(i.TIM_Cmd)
    i.TIM_GetITStatus                        0x08003c84   Section        0  stm32f10x_tim.o(i.TIM_GetITStatus)
    i.TIM_ITConfig                           0x08003ca6   Section        0  stm32f10x_tim.o(i.TIM_ITConfig)
    i.TIM_InternalClockConfig                0x08003cb8   Section        0  stm32f10x_tim.o(i.TIM_InternalClockConfig)
    i.TIM_TimeBaseInit                       0x08003cc4   Section        0  stm32f10x_tim.o(i.TIM_TimeBaseInit)
    i.Timer3_Init                            0x08003d68   Section        0  timer2.o(i.Timer3_Init)
    i.USART2_IRQHandler                      0x08003de4   Section        0  usart2.o(i.USART2_IRQHandler)
    i.USART_Cmd                              0x08003e6c   Section        0  stm32f10x_usart.o(i.USART_Cmd)
    i.USART_GetFlagStatus                    0x08003e84   Section        0  stm32f10x_usart.o(i.USART_GetFlagStatus)
    i.USART_GetITStatus                      0x08003e9e   Section        0  stm32f10x_usart.o(i.USART_GetITStatus)
    i.USART_ITConfig                         0x08003ef2   Section        0  stm32f10x_usart.o(i.USART_ITConfig)
    i.USART_Init                             0x08003f3c   Section        0  stm32f10x_usart.o(i.USART_Init)
    i.USART_ReceiveData                      0x08004014   Section        0  stm32f10x_usart.o(i.USART_ReceiveData)
    i.USART_SendData                         0x0800401e   Section        0  stm32f10x_usart.o(i.USART_SendData)
    i.UsageFault_Handler                     0x08004026   Section        0  stm32f1xx_it.o(i.UsageFault_Handler)
    i.__0vsprintf                            0x0800402c   Section        0  printfa.o(i.__0vsprintf)
    i.__NVIC_GetPriorityGrouping             0x08004050   Section        0  stm32f1xx_hal_cortex.o(i.__NVIC_GetPriorityGrouping)
    __NVIC_GetPriorityGrouping               0x08004051   Thumb Code    10  stm32f1xx_hal_cortex.o(i.__NVIC_GetPriorityGrouping)
    i.__NVIC_SetPriority                     0x08004060   Section        0  stm32f1xx_hal_cortex.o(i.__NVIC_SetPriority)
    __NVIC_SetPriority                       0x08004061   Thumb Code    32  stm32f1xx_hal_cortex.o(i.__NVIC_SetPriority)
    i.__scatterload_copy                     0x08004088   Section       14  handlers.o(i.__scatterload_copy)
    i.__scatterload_null                     0x08004096   Section        2  handlers.o(i.__scatterload_null)
    i.__scatterload_zeroinit                 0x08004098   Section       14  handlers.o(i.__scatterload_zeroinit)
    i._fp_digits                             0x080040a8   Section        0  printfa.o(i._fp_digits)
    _fp_digits                               0x080040a9   Thumb Code   366  printfa.o(i._fp_digits)
    i._printf_core                           0x0800422c   Section        0  printfa.o(i._printf_core)
    _printf_core                             0x0800422d   Thumb Code  1704  printfa.o(i._printf_core)
    i._printf_post_padding                   0x080048e0   Section        0  printfa.o(i._printf_post_padding)
    _printf_post_padding                     0x080048e1   Thumb Code    36  printfa.o(i._printf_post_padding)
    i._printf_pre_padding                    0x08004904   Section        0  printfa.o(i._printf_pre_padding)
    _printf_pre_padding                      0x08004905   Thumb Code    46  printfa.o(i._printf_pre_padding)
    i._sputc                                 0x08004932   Section        0  printfa.o(i._sputc)
    _sputc                                   0x08004933   Thumb Code    10  printfa.o(i._sputc)
    i.delay_ms_01s                           0x0800493c   Section        0  esp8266.o(i.delay_ms_01s)
    i.esp8266_send_cmd                       0x08004990   Section        0  esp8266.o(i.esp8266_send_cmd)
    i.ir_max30102_fir                        0x080049e4   Section        0  max30102_fir.o(i.ir_max30102_fir)
    i.main                                   0x08004a04   Section        0  main.o(i.main)
    i.max30102_fifo_read                     0x08004bd0   Section        0  max30102.o(i.max30102_fifo_read)
    i.max30102_fir_init                      0x08004c24   Section        0  max30102_fir.o(i.max30102_fir_init)
    i.max30102_getHeartRate                  0x08004c64   Section        0  max30102.o(i.max30102_getHeartRate)
    i.max30102_getSpO2                       0x08004d10   Section        0  max30102.o(i.max30102_getSpO2)
    i.max30102_i2c_read                      0x08004e24   Section        0  max30102.o(i.max30102_i2c_read)
    i.max30102_i2c_write                     0x08004e54   Section        0  max30102.o(i.max30102_i2c_write)
    i.max30102_init                          0x08004e78   Section        0  max30102.o(i.max30102_init)
    i.max30102_int_gpio_init                 0x08004f08   Section        0  max30102.o(i.max30102_int_gpio_init)
    i.red_max30102_fir                       0x08004f80   Section        0  max30102_fir.o(i.red_max30102_fir)
    i.u2_printf                              0x08004fa0   Section        0  usart2.o(i.u2_printf)
    i.usart2_init                            0x08004ff0   Section        0  usart2.o(i.usart2_init)
    .constdata                               0x08005094   Section       24  system_stm32f1xx.o(.constdata)
    .constdata                               0x080050ac   Section       18  stm32f1xx_hal_rcc.o(.constdata)
    aPLLMULFactorTable                       0x080050ac   Data          16  stm32f1xx_hal_rcc.o(.constdata)
    aPredivFactorTable                       0x080050bc   Data           2  stm32f1xx_hal_rcc.o(.constdata)
    .constdata                               0x080050c0   Section      116  max30102_fir.o(.constdata)
    .constdata                               0x08005134   Section     2122  oled_data.o(.constdata)
    .conststring                             0x08005980   Section      296  esp8266.o(.conststring)
    .data                                    0x20000000   Section        4  system_stm32f1xx.o(.data)
    .data                                    0x20000004   Section        9  stm32f1xx_hal.o(.data)
    .data                                    0x2000000e   Section        7  main.o(.data)
    .data                                    0x20000018   Section        8  max30102_fir.o(.data)
    .data                                    0x20000020   Section        9  timer2.o(.data)
    .data                                    0x2000002a   Section        2  usart2.o(.data)
    .data                                    0x2000002c   Section       20  stm32f10x_rcc.o(.data)
    APBAHBPrescTable                         0x2000002c   Data          16  stm32f10x_rcc.o(.data)
    ADCPrescTable                            0x2000003c   Data           4  stm32f10x_rcc.o(.data)
    .bss                                     0x20000040   Section     2024  main.o(.bss)
    .bss                                     0x20000828   Section      256  max30102_fir.o(.bss)
    firStateF32_ir                           0x20000840   Data         116  max30102_fir.o(.bss)
    firStateF32_red                          0x200008b4   Data         116  max30102_fir.o(.bss)
    .bss                                     0x20000928   Section     1024  oled.o(.bss)
    .bss                                     0x20000d28   Section     1260  timer2.o(.bss)
    .bss                                     0x20001218   Section     1200  usart2.o(.bss)
    STACK                                    0x200016c8   Section     1024  startup_stm32f103xb.o(STACK)

    Global Symbols

    Symbol Name                              Value     Ov Type        Size  Object(Section)

    BuildAttributes$$THM_ISAv4$P$D$K$B$S$PE$A:L22UL41UL21$X:L11$S22US41US21$IEEE1$IW$USESV6$~STKCKD$USESV7$~SHL$OTIME$ROPI$IEEEX$EBA8$MICROLIB$REQ8$PRES8$EABIv2 0x00000000   Number         0  anon$$obj.o ABSOLUTE
    __ARM_use_no_argv                        0x00000000   Number         0  main.o ABSOLUTE
    __arm_fini_                               - Undefined Weak Reference
    __cpp_initialize__aeabi_                  - Undefined Weak Reference
    __cxa_finalize                            - Undefined Weak Reference
    __decompress                              - Undefined Weak Reference
    _clock_init                               - Undefined Weak Reference
    _microlib_exit                            - Undefined Weak Reference
    __Vectors_Size                           0x000000ec   Number         0  startup_stm32f103xb.o ABSOLUTE
    __Vectors                                0x08000000   Data           4  startup_stm32f103xb.o(RESET)
    __Vectors_End                            0x080000ec   Data           0  startup_stm32f103xb.o(RESET)
    __main                                   0x080000ed   Thumb Code     0  entry.o(.ARM.Collect$$$$00000000)
    _main_stk                                0x080000ed   Thumb Code     0  entry2.o(.ARM.Collect$$$$00000001)
    _main_scatterload                        0x080000f1   Thumb Code     0  entry5.o(.ARM.Collect$$$$00000004)
    __main_after_scatterload                 0x080000f5   Thumb Code     0  entry5.o(.ARM.Collect$$$$00000004)
    _main_clock                              0x080000f5   Thumb Code     0  entry7b.o(.ARM.Collect$$$$00000008)
    _main_cpp_init                           0x080000f5   Thumb Code     0  entry8b.o(.ARM.Collect$$$$0000000A)
    _main_init                               0x080000f5   Thumb Code     0  entry9a.o(.ARM.Collect$$$$0000000B)
    __rt_lib_shutdown_fini                   0x080000fd   Thumb Code     0  entry12b.o(.ARM.Collect$$$$0000000E)
    __rt_final_cpp                           0x08000101   Thumb Code     0  entry10a.o(.ARM.Collect$$$$0000000F)
    __rt_final_exit                          0x08000101   Thumb Code     0  entry11a.o(.ARM.Collect$$$$00000011)
    Reset_Handler                            0x08000105   Thumb Code     8  startup_stm32f103xb.o(.text)
    ADC1_2_IRQHandler                        0x0800011f   Thumb Code     0  startup_stm32f103xb.o(.text)
    CAN1_RX1_IRQHandler                      0x0800011f   Thumb Code     0  startup_stm32f103xb.o(.text)
    CAN1_SCE_IRQHandler                      0x0800011f   Thumb Code     0  startup_stm32f103xb.o(.text)
    DMA1_Channel1_IRQHandler                 0x0800011f   Thumb Code     0  startup_stm32f103xb.o(.text)
    DMA1_Channel2_IRQHandler                 0x0800011f   Thumb Code     0  startup_stm32f103xb.o(.text)
    DMA1_Channel3_IRQHandler                 0x0800011f   Thumb Code     0  startup_stm32f103xb.o(.text)
    DMA1_Channel4_IRQHandler                 0x0800011f   Thumb Code     0  startup_stm32f103xb.o(.text)
    DMA1_Channel5_IRQHandler                 0x0800011f   Thumb Code     0  startup_stm32f103xb.o(.text)
    DMA1_Channel6_IRQHandler                 0x0800011f   Thumb Code     0  startup_stm32f103xb.o(.text)
    DMA1_Channel7_IRQHandler                 0x0800011f   Thumb Code     0  startup_stm32f103xb.o(.text)
    EXTI0_IRQHandler                         0x0800011f   Thumb Code     0  startup_stm32f103xb.o(.text)
    EXTI15_10_IRQHandler                     0x0800011f   Thumb Code     0  startup_stm32f103xb.o(.text)
    EXTI1_IRQHandler                         0x0800011f   Thumb Code     0  startup_stm32f103xb.o(.text)
    EXTI2_IRQHandler                         0x0800011f   Thumb Code     0  startup_stm32f103xb.o(.text)
    EXTI3_IRQHandler                         0x0800011f   Thumb Code     0  startup_stm32f103xb.o(.text)
    EXTI4_IRQHandler                         0x0800011f   Thumb Code     0  startup_stm32f103xb.o(.text)
    FLASH_IRQHandler                         0x0800011f   Thumb Code     0  startup_stm32f103xb.o(.text)
    I2C1_ER_IRQHandler                       0x0800011f   Thumb Code     0  startup_stm32f103xb.o(.text)
    I2C1_EV_IRQHandler                       0x0800011f   Thumb Code     0  startup_stm32f103xb.o(.text)
    I2C2_ER_IRQHandler                       0x0800011f   Thumb Code     0  startup_stm32f103xb.o(.text)
    I2C2_EV_IRQHandler                       0x0800011f   Thumb Code     0  startup_stm32f103xb.o(.text)
    PVD_IRQHandler                           0x0800011f   Thumb Code     0  startup_stm32f103xb.o(.text)
    RCC_IRQHandler                           0x0800011f   Thumb Code     0  startup_stm32f103xb.o(.text)
    RTC_Alarm_IRQHandler                     0x0800011f   Thumb Code     0  startup_stm32f103xb.o(.text)
    RTC_IRQHandler                           0x0800011f   Thumb Code     0  startup_stm32f103xb.o(.text)
    SPI1_IRQHandler                          0x0800011f   Thumb Code     0  startup_stm32f103xb.o(.text)
    SPI2_IRQHandler                          0x0800011f   Thumb Code     0  startup_stm32f103xb.o(.text)
    TAMPER_IRQHandler                        0x0800011f   Thumb Code     0  startup_stm32f103xb.o(.text)
    TIM1_BRK_IRQHandler                      0x0800011f   Thumb Code     0  startup_stm32f103xb.o(.text)
    TIM1_CC_IRQHandler                       0x0800011f   Thumb Code     0  startup_stm32f103xb.o(.text)
    TIM1_TRG_COM_IRQHandler                  0x0800011f   Thumb Code     0  startup_stm32f103xb.o(.text)
    TIM1_UP_IRQHandler                       0x0800011f   Thumb Code     0  startup_stm32f103xb.o(.text)
    TIM2_IRQHandler                          0x0800011f   Thumb Code     0  startup_stm32f103xb.o(.text)
    TIM4_IRQHandler                          0x0800011f   Thumb Code     0  startup_stm32f103xb.o(.text)
    USART1_IRQHandler                        0x0800011f   Thumb Code     0  startup_stm32f103xb.o(.text)
    USART3_IRQHandler                        0x0800011f   Thumb Code     0  startup_stm32f103xb.o(.text)
    USBWakeUp_IRQHandler                     0x0800011f   Thumb Code     0  startup_stm32f103xb.o(.text)
    USB_HP_CAN1_TX_IRQHandler                0x0800011f   Thumb Code     0  startup_stm32f103xb.o(.text)
    USB_LP_CAN1_RX0_IRQHandler               0x0800011f   Thumb Code     0  startup_stm32f103xb.o(.text)
    WWDG_IRQHandler                          0x0800011f   Thumb Code     0  startup_stm32f103xb.o(.text)
    arm_fir_f32                              0x08000129   Thumb Code  2274  arm_fir_f32.o(.text)
    arm_fir_init_f32                         0x08000a0b   Thumb Code    28  arm_fir_init_f32.o(.text)
    __aeabi_llsr                             0x08000a27   Thumb Code    32  llushr.o(.text)
    _ll_ushift_r                             0x08000a27   Thumb Code     0  llushr.o(.text)
    __aeabi_memset                           0x08000a47   Thumb Code    14  memseta.o(.text)
    __aeabi_memset4                          0x08000a47   Thumb Code     0  memseta.o(.text)
    __aeabi_memset8                          0x08000a47   Thumb Code     0  memseta.o(.text)
    __aeabi_memclr                           0x08000a55   Thumb Code     4  memseta.o(.text)
    __aeabi_memclr4                          0x08000a55   Thumb Code     0  memseta.o(.text)
    __aeabi_memclr8                          0x08000a55   Thumb Code     0  memseta.o(.text)
    _memset$wrapper                          0x08000a59   Thumb Code    18  memseta.o(.text)
    strlen                                   0x08000a6b   Thumb Code    14  strlen.o(.text)
    __aeabi_fadd                             0x08000a79   Thumb Code   164  fadd.o(.text)
    __aeabi_fsub                             0x08000b1d   Thumb Code     6  fadd.o(.text)
    __aeabi_frsub                            0x08000b23   Thumb Code     6  fadd.o(.text)
    __aeabi_fmul                             0x08000b29   Thumb Code   100  fmul.o(.text)
    __aeabi_fdiv                             0x08000b8d   Thumb Code   124  fdiv.o(.text)
    __aeabi_dadd                             0x08000c09   Thumb Code   322  dadd.o(.text)
    __aeabi_dsub                             0x08000d4b   Thumb Code     6  dadd.o(.text)
    __aeabi_drsub                            0x08000d51   Thumb Code     6  dadd.o(.text)
    __aeabi_dmul                             0x08000d57   Thumb Code   228  dmul.o(.text)
    __aeabi_ddiv                             0x08000e3b   Thumb Code   222  ddiv.o(.text)
    __aeabi_ui2f                             0x08000f19   Thumb Code    10  ffltui.o(.text)
    __aeabi_f2uiz                            0x08000f23   Thumb Code    40  ffixui.o(.text)
    __aeabi_f2d                              0x08000f4b   Thumb Code    38  f2d.o(.text)
    __aeabi_cdrcmple                         0x08000f71   Thumb Code    48  cdrcmple.o(.text)
    __aeabi_d2f                              0x08000fa1   Thumb Code    56  d2f.o(.text)
    __aeabi_cfcmpeq                          0x08000fd9   Thumb Code     0  cfcmple.o(.text)
    __aeabi_cfcmple                          0x08000fd9   Thumb Code    20  cfcmple.o(.text)
    __aeabi_cfrcmple                         0x08000fed   Thumb Code    20  cfrcmple.o(.text)
    __aeabi_uidiv                            0x08001001   Thumb Code     0  uidiv.o(.text)
    __aeabi_uidivmod                         0x08001001   Thumb Code    44  uidiv.o(.text)
    __aeabi_uldivmod                         0x0800102d   Thumb Code    98  uldiv.o(.text)
    __aeabi_llsl                             0x0800108f   Thumb Code    30  llshl.o(.text)
    _ll_shift_l                              0x0800108f   Thumb Code     0  llshl.o(.text)
    __aeabi_lasr                             0x080010ad   Thumb Code    36  llsshr.o(.text)
    _ll_sshift_r                             0x080010ad   Thumb Code     0  llsshr.o(.text)
    __I$use$fp                               0x080010d1   Thumb Code     0  iusefp.o(.text)
    _float_round                             0x080010d1   Thumb Code    18  fepilogue.o(.text)
    _float_epilogue                          0x080010e3   Thumb Code    92  fepilogue.o(.text)
    _double_round                            0x0800113f   Thumb Code    30  depilogue.o(.text)
    _double_epilogue                         0x0800115d   Thumb Code   156  depilogue.o(.text)
    __aeabi_d2ulz                            0x080011f9   Thumb Code    48  dfixul.o(.text)
    __scatterload                            0x08001229   Thumb Code    28  init.o(.text)
    __scatterload_rt2                        0x08001229   Thumb Code     0  init.o(.text)
    AD8232Init                               0x0800124d   Thumb Code    58  ad8232.o(i.AD8232Init)
    ADC_Cmd                                  0x0800128d   Thumb Code    22  stm32f10x_adc.o(i.ADC_Cmd)
    ADC_GetCalibrationStatus                 0x080012a3   Thumb Code    20  stm32f10x_adc.o(i.ADC_GetCalibrationStatus)
    ADC_GetConversionValue                   0x080012b7   Thumb Code     8  stm32f10x_adc.o(i.ADC_GetConversionValue)
    ADC_GetFlagStatus                        0x080012bf   Thumb Code    18  stm32f10x_adc.o(i.ADC_GetFlagStatus)
    ADC_GetResetCalibrationStatus            0x080012d1   Thumb Code    20  stm32f10x_adc.o(i.ADC_GetResetCalibrationStatus)
    ADC_Init                                 0x080012e5   Thumb Code    70  stm32f10x_adc.o(i.ADC_Init)
    ADC_RegularChannelConfig                 0x08001335   Thumb Code   184  stm32f10x_adc.o(i.ADC_RegularChannelConfig)
    ADC_ResetCalibration                     0x080013ed   Thumb Code    10  stm32f10x_adc.o(i.ADC_ResetCalibration)
    ADC_SoftwareStartConvCmd                 0x080013f7   Thumb Code    22  stm32f10x_adc.o(i.ADC_SoftwareStartConvCmd)
    ADC_StartCalibration                     0x0800140d   Thumb Code    10  stm32f10x_adc.o(i.ADC_StartCalibration)
    AD_GetValue                              0x08001419   Thumb Code    32  ad.o(i.AD_GetValue)
    AD_Init                                  0x0800143d   Thumb Code   150  ad.o(i.AD_Init)
    BusFault_Handler                         0x080014dd   Thumb Code     4  stm32f1xx_it.o(i.BusFault_Handler)
    DebugMon_Handler                         0x080014e1   Thumb Code     2  stm32f1xx_it.o(i.DebugMon_Handler)
    ESP8266_Init                             0x080014e5   Thumb Code    76  esp8266.o(i.ESP8266_Init)
    ESP8266_Send                             0x08001585   Thumb Code    26  esp8266.o(i.ESP8266_Send)
    EXTI9_5_IRQHandler                       0x080015ed   Thumb Code    10  stm32f1xx_it.o(i.EXTI9_5_IRQHandler)
    GPIO_Init                                0x080015f7   Thumb Code   278  stm32f10x_gpio.o(i.GPIO_Init)
    GPIO_WriteBit                            0x0800170d   Thumb Code    10  stm32f10x_gpio.o(i.GPIO_WriteBit)
    HAL_Delay                                0x08001719   Thumb Code    36  stm32f1xx_hal.o(i.HAL_Delay)
    HAL_GPIO_EXTI_Callback                   0x08001741   Thumb Code    12  main.o(i.HAL_GPIO_EXTI_Callback)
    HAL_GPIO_EXTI_IRQHandler                 0x08001751   Thumb Code    24  stm32f1xx_hal_gpio.o(i.HAL_GPIO_EXTI_IRQHandler)
    HAL_GPIO_Init                            0x0800176d   Thumb Code   766  stm32f1xx_hal_gpio.o(i.HAL_GPIO_Init)
    HAL_GetTick                              0x08001a8d   Thumb Code     6  stm32f1xx_hal.o(i.HAL_GetTick)
    HAL_I2C_GetState                         0x08001a99   Thumb Code     8  stm32f1xx_hal_i2c.o(i.HAL_I2C_GetState)
    HAL_I2C_Init                             0x08001aa1   Thumb Code   446  stm32f1xx_hal_i2c.o(i.HAL_I2C_Init)
    HAL_I2C_Master_Receive                   0x08001c71   Thumb Code   858  stm32f1xx_hal_i2c.o(i.HAL_I2C_Master_Receive)
    HAL_I2C_Master_Transmit                  0x08001fdd   Thumb Code   360  stm32f1xx_hal_i2c.o(i.HAL_I2C_Master_Transmit)
    HAL_I2C_MspInit                          0x0800214d   Thumb Code     2  stm32f1xx_hal_i2c.o(i.HAL_I2C_MspInit)
    HAL_IncTick                              0x08002151   Thumb Code    16  stm32f1xx_hal.o(i.HAL_IncTick)
    HAL_Init                                 0x08002169   Thumb Code    34  stm32f1xx_hal.o(i.HAL_Init)
    HAL_InitTick                             0x08002191   Thumb Code    64  stm32f1xx_hal.o(i.HAL_InitTick)
    HAL_MspInit                              0x080021dd   Thumb Code     2  stm32f1xx_hal.o(i.HAL_MspInit)
    HAL_NVIC_EnableIRQ                       0x080021df   Thumb Code    32  stm32f1xx_hal_cortex.o(i.HAL_NVIC_EnableIRQ)
    HAL_NVIC_SetPriority                     0x080021ff   Thumb Code   124  stm32f1xx_hal_cortex.o(i.HAL_NVIC_SetPriority)
    HAL_NVIC_SetPriorityGrouping             0x0800227d   Thumb Code    32  stm32f1xx_hal_cortex.o(i.HAL_NVIC_SetPriorityGrouping)
    HAL_RCC_ClockConfig                      0x080022a5   Thumb Code   376  stm32f1xx_hal_rcc.o(i.HAL_RCC_ClockConfig)
    HAL_RCC_GetHCLKFreq                      0x08002431   Thumb Code     6  stm32f1xx_hal_rcc.o(i.HAL_RCC_GetHCLKFreq)
    HAL_RCC_GetPCLK1Freq                     0x0800243d   Thumb Code    22  stm32f1xx_hal_rcc.o(i.HAL_RCC_GetPCLK1Freq)
    HAL_RCC_GetSysClockFreq                  0x0800245d   Thumb Code    92  stm32f1xx_hal_rcc.o(i.HAL_RCC_GetSysClockFreq)
    HAL_RCC_OscConfig                        0x080024cd   Thumb Code  1114  stm32f1xx_hal_rcc.o(i.HAL_RCC_OscConfig)
    HAL_SYSTICK_Config                       0x08002931   Thumb Code    52  stm32f1xx_hal_cortex.o(i.HAL_SYSTICK_Config)
    HardFault_Handler                        0x08002965   Thumb Code     4  stm32f1xx_it.o(i.HardFault_Handler)
    I2cMaster_Init                           0x08002eb1   Thumb Code   192  bsp_i2c.o(i.I2cMaster_Init)
    Key_Init                                 0x08002f85   Thumb Code    40  key.o(i.Key_Init)
    LED_GPIO_Config                          0x08002fb1   Thumb Code   150  bsp_led.o(i.LED_GPIO_Config)
    Lowpass                                  0x08003051   Thumb Code    38  ad8232.o(i.Lowpass)
    MemManage_Handler                        0x08003077   Thumb Code     4  stm32f1xx_it.o(i.MemManage_Handler)
    NMI_Handler                              0x0800307b   Thumb Code     2  stm32f1xx_it.o(i.NMI_Handler)
    NVIC_Init                                0x0800307d   Thumb Code   100  misc.o(i.NVIC_Init)
    NVIC_PriorityGroupConfig                 0x080030ed   Thumb Code    10  misc.o(i.NVIC_PriorityGroupConfig)
    OLED_Clear                               0x08003101   Thumb Code    36  oled.o(i.OLED_Clear)
    OLED_ClearArea                           0x08003129   Thumb Code   162  oled.o(i.OLED_ClearArea)
    OLED_DrawLine                            0x080031d1   Thumb Code   374  oled.o(i.OLED_DrawLine)
    OLED_DrawPoint                           0x08003349   Thumb Code    74  oled.o(i.OLED_DrawPoint)
    OLED_DrawTriangle                        0x08003399   Thumb Code   232  oled.o(i.OLED_DrawTriangle)
    OLED_GPIO_Init                           0x08003481   Thumb Code    92  oled.o(i.OLED_GPIO_Init)
    OLED_I2C_SendByte                        0x080034e1   Thumb Code    62  oled.o(i.OLED_I2C_SendByte)
    OLED_I2C_Start                           0x0800351f   Thumb Code    28  oled.o(i.OLED_I2C_Start)
    OLED_I2C_Stop                            0x0800353b   Thumb Code    22  oled.o(i.OLED_I2C_Stop)
    OLED_Init                                0x08003551   Thumb Code   154  oled.o(i.OLED_Init)
    OLED_Pow                                 0x080035eb   Thumb Code    20  oled.o(i.OLED_Pow)
    OLED_SetCursor                           0x080035ff   Thumb Code    34  oled.o(i.OLED_SetCursor)
    OLED_ShowChar                            0x08003621   Thumb Code    74  oled.o(i.OLED_ShowChar)
    OLED_ShowImage                           0x08003675   Thumb Code   296  oled.o(i.OLED_ShowImage)
    OLED_ShowNum                             0x080037a1   Thumb Code    76  oled.o(i.OLED_ShowNum)
    OLED_Update                              0x080037ed   Thumb Code    36  oled.o(i.OLED_Update)
    OLED_W_SCL                               0x08003815   Thumb Code    18  oled.o(i.OLED_W_SCL)
    OLED_W_SDA                               0x0800382d   Thumb Code    18  oled.o(i.OLED_W_SDA)
    OLED_WriteCommand                        0x08003845   Thumb Code    32  oled.o(i.OLED_WriteCommand)
    OLED_WriteData                           0x08003865   Thumb Code    46  oled.o(i.OLED_WriteData)
    OLED_pnpoly                              0x08003893   Thumb Code   140  oled.o(i.OLED_pnpoly)
    PendSV_Handler                           0x0800391f   Thumb Code     2  stm32f1xx_it.o(i.PendSV_Handler)
    RCC_ADCCLKConfig                         0x08003921   Thumb Code    18  stm32f10x_rcc.o(i.RCC_ADCCLKConfig)
    RCC_APB1PeriphClockCmd                   0x08003939   Thumb Code    26  stm32f10x_rcc.o(i.RCC_APB1PeriphClockCmd)
    RCC_APB2PeriphClockCmd                   0x08003959   Thumb Code    26  stm32f10x_rcc.o(i.RCC_APB2PeriphClockCmd)
    RCC_GetClocksFreq                        0x080039a1   Thumb Code   192  stm32f10x_rcc.o(i.RCC_GetClocksFreq)
    SVC_Handler                              0x08003a75   Thumb Code     2  stm32f1xx_it.o(i.SVC_Handler)
    SysTick_Handler                          0x08003a77   Thumb Code     8  stm32f1xx_it.o(i.SysTick_Handler)
    SystemClock_Config                       0x08003a7f   Thumb Code    96  main.o(i.SystemClock_Config)
    SystemInit                               0x08003adf   Thumb Code     2  system_stm32f1xx.o(i.SystemInit)
    TIM3_IRQHandler                          0x08003ae1   Thumb Code   358  timer2.o(i.TIM3_IRQHandler)
    TIM_ClearFlag                            0x08003c61   Thumb Code     6  stm32f10x_tim.o(i.TIM_ClearFlag)
    TIM_ClearITPendingBit                    0x08003c67   Thumb Code     6  stm32f10x_tim.o(i.TIM_ClearITPendingBit)
    TIM_Cmd                                  0x08003c6d   Thumb Code    24  stm32f10x_tim.o(i.TIM_Cmd)
    TIM_GetITStatus                          0x08003c85   Thumb Code    34  stm32f10x_tim.o(i.TIM_GetITStatus)
    TIM_ITConfig                             0x08003ca7   Thumb Code    18  stm32f10x_tim.o(i.TIM_ITConfig)
    TIM_InternalClockConfig                  0x08003cb9   Thumb Code    12  stm32f10x_tim.o(i.TIM_InternalClockConfig)
    TIM_TimeBaseInit                         0x08003cc5   Thumb Code   122  stm32f10x_tim.o(i.TIM_TimeBaseInit)
    Timer3_Init                              0x08003d69   Thumb Code   120  timer2.o(i.Timer3_Init)
    USART2_IRQHandler                        0x08003de5   Thumb Code   124  usart2.o(i.USART2_IRQHandler)
    USART_Cmd                                0x08003e6d   Thumb Code    24  stm32f10x_usart.o(i.USART_Cmd)
    USART_GetFlagStatus                      0x08003e85   Thumb Code    26  stm32f10x_usart.o(i.USART_GetFlagStatus)
    USART_GetITStatus                        0x08003e9f   Thumb Code    84  stm32f10x_usart.o(i.USART_GetITStatus)
    USART_ITConfig                           0x08003ef3   Thumb Code    74  stm32f10x_usart.o(i.USART_ITConfig)
    USART_Init                               0x08003f3d   Thumb Code   210  stm32f10x_usart.o(i.USART_Init)
    USART_ReceiveData                        0x08004015   Thumb Code    10  stm32f10x_usart.o(i.USART_ReceiveData)
    USART_SendData                           0x0800401f   Thumb Code     8  stm32f10x_usart.o(i.USART_SendData)
    UsageFault_Handler                       0x08004027   Thumb Code     4  stm32f1xx_it.o(i.UsageFault_Handler)
    __0vsprintf                              0x0800402d   Thumb Code    30  printfa.o(i.__0vsprintf)
    __1vsprintf                              0x0800402d   Thumb Code     0  printfa.o(i.__0vsprintf)
    __2vsprintf                              0x0800402d   Thumb Code     0  printfa.o(i.__0vsprintf)
    __c89vsprintf                            0x0800402d   Thumb Code     0  printfa.o(i.__0vsprintf)
    vsprintf                                 0x0800402d   Thumb Code     0  printfa.o(i.__0vsprintf)
    __scatterload_copy                       0x08004089   Thumb Code    14  handlers.o(i.__scatterload_copy)
    __scatterload_null                       0x08004097   Thumb Code     2  handlers.o(i.__scatterload_null)
    __scatterload_zeroinit                   0x08004099   Thumb Code    14  handlers.o(i.__scatterload_zeroinit)
    delay_ms_01s                             0x0800493d   Thumb Code    80  esp8266.o(i.delay_ms_01s)
    esp8266_send_cmd                         0x08004991   Thumb Code    70  esp8266.o(i.esp8266_send_cmd)
    ir_max30102_fir                          0x080049e5   Thumb Code    22  max30102_fir.o(i.ir_max30102_fir)
    main                                     0x08004a05   Thumb Code   410  main.o(i.main)
    max30102_fifo_read                       0x08004bd1   Thumb Code    84  max30102.o(i.max30102_fifo_read)
    max30102_fir_init                        0x08004c25   Thumb Code    40  max30102_fir.o(i.max30102_fir_init)
    max30102_getHeartRate                    0x08004c65   Thumb Code   172  max30102.o(i.max30102_getHeartRate)
    max30102_getSpO2                         0x08004d11   Thumb Code   252  max30102.o(i.max30102_getSpO2)
    max30102_i2c_read                        0x08004e25   Thumb Code    44  max30102.o(i.max30102_i2c_read)
    max30102_i2c_write                       0x08004e55   Thumb Code    32  max30102.o(i.max30102_i2c_write)
    max30102_init                            0x08004e79   Thumb Code   142  max30102.o(i.max30102_init)
    max30102_int_gpio_init                   0x08004f09   Thumb Code   108  max30102.o(i.max30102_int_gpio_init)
    red_max30102_fir                         0x08004f81   Thumb Code    22  max30102_fir.o(i.red_max30102_fir)
    u2_printf                                0x08004fa1   Thumb Code    72  usart2.o(i.u2_printf)
    usart2_init                              0x08004ff1   Thumb Code   154  usart2.o(i.usart2_init)
    AHBPrescTable                            0x08005094   Data          16  system_stm32f1xx.o(.constdata)
    APBPrescTable                            0x080050a4   Data           8  system_stm32f1xx.o(.constdata)
    firCoeffs32LP                            0x080050c0   Data         116  max30102_fir.o(.constdata)
    OLED_F8x16                               0x08005134   Data        1520  oled_data.o(.constdata)
    OLED_F6x8                                0x08005724   Data         570  oled_data.o(.constdata)
    Diode                                    0x0800595e   Data          32  oled_data.o(.constdata)
    Region$$Table$$Base                      0x08005aa8   Number         0  anon$$obj.o(Region$$Table)
    Region$$Table$$Limit                     0x08005ac8   Number         0  anon$$obj.o(Region$$Table)
    SystemCoreClock                          0x20000000   Data           4  system_stm32f1xx.o(.data)
    uwTick                                   0x20000004   Data           4  stm32f1xx_hal.o(.data)
    uwTickPrio                               0x20000008   Data           4  stm32f1xx_hal.o(.data)
    uwTickFreq                               0x2000000c   Data           1  stm32f1xx_hal.o(.data)
    max30102_int_flag                        0x2000000e   Data           1  main.o(.data)
    HR_new                                   0x20000010   Data           2  main.o(.data)
    HR_last                                  0x20000012   Data           2  main.o(.data)
    KeyNum                                   0x20000014   Data           1  main.o(.data)
    blockSize                                0x20000018   Data           4  max30102_fir.o(.data)
    numBlocks                                0x2000001c   Data           4  max30102_fir.o(.data)
    count_tim3                               0x20000020   Data           2  timer2.o(.data)
    test                                     0x20000022   Data           2  timer2.o(.data)
    i                                        0x20000024   Data           2  timer2.o(.data)
    j                                        0x20000026   Data           2  timer2.o(.data)
    HeartRate                                0x20000028   Data           1  timer2.o(.data)
    USART2_RX_STA                            0x2000002a   Data           2  usart2.o(.data)
    ppg_data_cache_RED                       0x20000040   Data         600  main.o(.bss)
    ppg_data_cache_IR                        0x20000298   Data         600  main.o(.bss)
    I2C_Handle                               0x200004f0   Data          84  main.o(.bss)
    Chart                                    0x20000544   Data         500  main.o(.bss)
    Chart_1                                  0x20000738   Data         240  main.o(.bss)
    S_ir                                     0x20000828   Data          12  max30102_fir.o(.bss)
    S_red                                    0x20000834   Data          12  max30102_fir.o(.bss)
    OLED_DisplayBuf                          0x20000928   Data        1024  oled.o(.bss)
    t                                        0x20000d28   Data        1000  timer2.o(.bss)
    map_upload                               0x20001110   Data         260  timer2.o(.bss)
    USART2_TX_BUF                            0x20001218   Data         600  usart2.o(.bss)
    USART2_RX_BUF                            0x20001470   Data         600  usart2.o(.bss)
    __initial_sp                             0x20001ac8   Data           0  startup_stm32f103xb.o(STACK)



==============================================================================

Memory Map of the image

  Image Entry point : 0x080000ed

  Load Region LR_IROM1 (Base: 0x08000000, Size: 0x00005b08, Max: 0x00010000, ABSOLUTE)

    Execution Region ER_IROM1 (Exec base: 0x08000000, Load base: 0x08000000, Size: 0x00005ac8, Max: 0x00010000, ABSOLUTE)

    Exec Addr    Load Addr    Size         Type   Attr      Idx    E Section Name        Object

    0x08000000   0x08000000   0x000000ec   Data   RO            3    RESET               startup_stm32f103xb.o
    0x080000ec   0x080000ec   0x00000000   Code   RO         8404  * .ARM.Collect$$$$00000000  mc_w.l(entry.o)
    0x080000ec   0x080000ec   0x00000004   Code   RO         8510    .ARM.Collect$$$$00000001  mc_w.l(entry2.o)
    0x080000f0   0x080000f0   0x00000004   Code   RO         8513    .ARM.Collect$$$$00000004  mc_w.l(entry5.o)
    0x080000f4   0x080000f4   0x00000000   Code   RO         8515    .ARM.Collect$$$$00000008  mc_w.l(entry7b.o)
    0x080000f4   0x080000f4   0x00000000   Code   RO         8517    .ARM.Collect$$$$0000000A  mc_w.l(entry8b.o)
    0x080000f4   0x080000f4   0x00000008   Code   RO         8518    .ARM.Collect$$$$0000000B  mc_w.l(entry9a.o)
    0x080000fc   0x080000fc   0x00000004   Code   RO         8525    .ARM.Collect$$$$0000000E  mc_w.l(entry12b.o)
    0x08000100   0x08000100   0x00000000   Code   RO         8520    .ARM.Collect$$$$0000000F  mc_w.l(entry10a.o)
    0x08000100   0x08000100   0x00000000   Code   RO         8522    .ARM.Collect$$$$00000011  mc_w.l(entry11a.o)
    0x08000100   0x08000100   0x00000004   Code   RO         8511    .ARM.Collect$$$$00002712  mc_w.l(entry2.o)
    0x08000104   0x08000104   0x00000024   Code   RO            4    .text               startup_stm32f103xb.o
    0x08000128   0x08000128   0x000008e2   Code   RO         8327    .text               arm_cortexM3l_math.lib(arm_fir_f32.o)
    0x08000a0a   0x08000a0a   0x0000001c   Code   RO         8373    .text               arm_cortexM3l_math.lib(arm_fir_init_f32.o)
    0x08000a26   0x08000a26   0x00000020   Code   RO         8407    .text               mc_w.l(llushr.o)
    0x08000a46   0x08000a46   0x00000024   Code   RO         8411    .text               mc_w.l(memseta.o)
    0x08000a6a   0x08000a6a   0x0000000e   Code   RO         8415    .text               mc_w.l(strlen.o)
    0x08000a78   0x08000a78   0x000000b0   Code   RO         8447    .text               mf_w.l(fadd.o)
    0x08000b28   0x08000b28   0x00000064   Code   RO         8449    .text               mf_w.l(fmul.o)
    0x08000b8c   0x08000b8c   0x0000007c   Code   RO         8451    .text               mf_w.l(fdiv.o)
    0x08000c08   0x08000c08   0x0000014e   Code   RO         8453    .text               mf_w.l(dadd.o)
    0x08000d56   0x08000d56   0x000000e4   Code   RO         8455    .text               mf_w.l(dmul.o)
    0x08000e3a   0x08000e3a   0x000000de   Code   RO         8457    .text               mf_w.l(ddiv.o)
    0x08000f18   0x08000f18   0x0000000a   Code   RO         8461    .text               mf_w.l(ffltui.o)
    0x08000f22   0x08000f22   0x00000028   Code   RO         8467    .text               mf_w.l(ffixui.o)
    0x08000f4a   0x08000f4a   0x00000026   Code   RO         8473    .text               mf_w.l(f2d.o)
    0x08000f70   0x08000f70   0x00000030   Code   RO         8477    .text               mf_w.l(cdrcmple.o)
    0x08000fa0   0x08000fa0   0x00000038   Code   RO         8479    .text               mf_w.l(d2f.o)
    0x08000fd8   0x08000fd8   0x00000014   Code   RO         8481    .text               mf_w.l(cfcmple.o)
    0x08000fec   0x08000fec   0x00000014   Code   RO         8483    .text               mf_w.l(cfrcmple.o)
    0x08001000   0x08001000   0x0000002c   Code   RO         8527    .text               mc_w.l(uidiv.o)
    0x0800102c   0x0800102c   0x00000062   Code   RO         8529    .text               mc_w.l(uldiv.o)
    0x0800108e   0x0800108e   0x0000001e   Code   RO         8531    .text               mc_w.l(llshl.o)
    0x080010ac   0x080010ac   0x00000024   Code   RO         8533    .text               mc_w.l(llsshr.o)
    0x080010d0   0x080010d0   0x00000000   Code   RO         8542    .text               mc_w.l(iusefp.o)
    0x080010d0   0x080010d0   0x0000006e   Code   RO         8543    .text               mf_w.l(fepilogue.o)
    0x0800113e   0x0800113e   0x000000ba   Code   RO         8545    .text               mf_w.l(depilogue.o)
    0x080011f8   0x080011f8   0x00000030   Code   RO         8549    .text               mf_w.l(dfixul.o)
    0x08001228   0x08001228   0x00000024   Code   RO         8555    .text               mc_w.l(init.o)
    0x0800124c   0x0800124c   0x00000040   Code   RO         6777    i.AD8232Init        ad8232.o
    0x0800128c   0x0800128c   0x00000016   Code   RO         8096    i.ADC_Cmd           stm32f10x_adc.o
    0x080012a2   0x080012a2   0x00000014   Code   RO         8104    i.ADC_GetCalibrationStatus  stm32f10x_adc.o
    0x080012b6   0x080012b6   0x00000008   Code   RO         8105    i.ADC_GetConversionValue  stm32f10x_adc.o
    0x080012be   0x080012be   0x00000012   Code   RO         8107    i.ADC_GetFlagStatus  stm32f10x_adc.o
    0x080012d0   0x080012d0   0x00000014   Code   RO         8110    i.ADC_GetResetCalibrationStatus  stm32f10x_adc.o
    0x080012e4   0x080012e4   0x00000050   Code   RO         8114    i.ADC_Init          stm32f10x_adc.o
    0x08001334   0x08001334   0x000000b8   Code   RO         8118    i.ADC_RegularChannelConfig  stm32f10x_adc.o
    0x080013ec   0x080013ec   0x0000000a   Code   RO         8119    i.ADC_ResetCalibration  stm32f10x_adc.o
    0x080013f6   0x080013f6   0x00000016   Code   RO         8121    i.ADC_SoftwareStartConvCmd  stm32f10x_adc.o
    0x0800140c   0x0800140c   0x0000000a   Code   RO         8123    i.ADC_StartCalibration  stm32f10x_adc.o
    0x08001416   0x08001416   0x00000002   PAD
    0x08001418   0x08001418   0x00000024   Code   RO         6747    i.AD_GetValue       ad.o
    0x0800143c   0x0800143c   0x000000a0   Code   RO         6748    i.AD_Init           ad.o
    0x080014dc   0x080014dc   0x00000004   Code   RO         5901    i.BusFault_Handler  stm32f1xx_it.o
    0x080014e0   0x080014e0   0x00000002   Code   RO         5902    i.DebugMon_Handler  stm32f1xx_it.o
    0x080014e2   0x080014e2   0x00000002   PAD
    0x080014e4   0x080014e4   0x000000a0   Code   RO         6629    i.ESP8266_Init      esp8266.o
    0x08001584   0x08001584   0x00000068   Code   RO         6631    i.ESP8266_Send      esp8266.o
    0x080015ec   0x080015ec   0x0000000a   Code   RO         5903    i.EXTI9_5_IRQHandler  stm32f1xx_it.o
    0x080015f6   0x080015f6   0x00000116   Code   RO         7155    i.GPIO_Init         stm32f10x_gpio.o
    0x0800170c   0x0800170c   0x0000000a   Code   RO         7166    i.GPIO_WriteBit     stm32f10x_gpio.o
    0x08001716   0x08001716   0x00000002   PAD
    0x08001718   0x08001718   0x00000028   Code   RO          210    i.HAL_Delay         stm32f1xx_hal.o
    0x08001740   0x08001740   0x00000010   Code   RO         5778    i.HAL_GPIO_EXTI_Callback  main.o
    0x08001750   0x08001750   0x0000001c   Code   RO         1469    i.HAL_GPIO_EXTI_IRQHandler  stm32f1xx_hal_gpio.o
    0x0800176c   0x0800176c   0x00000320   Code   RO         1470    i.HAL_GPIO_Init     stm32f1xx_hal_gpio.o
    0x08001a8c   0x08001a8c   0x0000000c   Code   RO          214    i.HAL_GetTick       stm32f1xx_hal.o
    0x08001a98   0x08001a98   0x00000008   Code   RO         1597    i.HAL_I2C_GetState  stm32f1xx_hal_i2c.o
    0x08001aa0   0x08001aa0   0x000001d0   Code   RO         1598    i.HAL_I2C_Init      stm32f1xx_hal_i2c.o
    0x08001c70   0x08001c70   0x0000036c   Code   RO         1604    i.HAL_I2C_Master_Receive  stm32f1xx_hal_i2c.o
    0x08001fdc   0x08001fdc   0x00000170   Code   RO         1611    i.HAL_I2C_Master_Transmit  stm32f1xx_hal_i2c.o
    0x0800214c   0x0800214c   0x00000002   Code   RO         1623    i.HAL_I2C_MspInit   stm32f1xx_hal_i2c.o
    0x0800214e   0x0800214e   0x00000002   PAD
    0x08002150   0x08002150   0x00000018   Code   RO          220    i.HAL_IncTick       stm32f1xx_hal.o
    0x08002168   0x08002168   0x00000028   Code   RO          221    i.HAL_Init          stm32f1xx_hal.o
    0x08002190   0x08002190   0x0000004c   Code   RO          222    i.HAL_InitTick      stm32f1xx_hal.o
    0x080021dc   0x080021dc   0x00000002   Code   RO          224    i.HAL_MspInit       stm32f1xx_hal.o
    0x080021de   0x080021de   0x00000020   Code   RO          911    i.HAL_NVIC_EnableIRQ  stm32f1xx_hal_cortex.o
    0x080021fe   0x080021fe   0x0000007c   Code   RO          917    i.HAL_NVIC_SetPriority  stm32f1xx_hal_cortex.o
    0x0800227a   0x0800227a   0x00000002   PAD
    0x0800227c   0x0800227c   0x00000028   Code   RO          918    i.HAL_NVIC_SetPriorityGrouping  stm32f1xx_hal_cortex.o
    0x080022a4   0x080022a4   0x0000018c   Code   RO         2872    i.HAL_RCC_ClockConfig  stm32f1xx_hal_rcc.o
    0x08002430   0x08002430   0x0000000c   Code   RO         2877    i.HAL_RCC_GetHCLKFreq  stm32f1xx_hal_rcc.o
    0x0800243c   0x0800243c   0x00000020   Code   RO         2879    i.HAL_RCC_GetPCLK1Freq  stm32f1xx_hal_rcc.o
    0x0800245c   0x0800245c   0x00000070   Code   RO         2881    i.HAL_RCC_GetSysClockFreq  stm32f1xx_hal_rcc.o
    0x080024cc   0x080024cc   0x00000464   Code   RO         2884    i.HAL_RCC_OscConfig  stm32f1xx_hal_rcc.o
    0x08002930   0x08002930   0x00000034   Code   RO          922    i.HAL_SYSTICK_Config  stm32f1xx_hal_cortex.o
    0x08002964   0x08002964   0x00000004   Code   RO         5904    i.HardFault_Handler  stm32f1xx_it.o
    0x08002968   0x08002968   0x0000003e   Code   RO         1642    i.I2C_IsAcknowledgeFailed  stm32f1xx_hal_i2c.o
    0x080029a6   0x080029a6   0x00000002   PAD
    0x080029a8   0x080029a8   0x00000138   Code   RO         1645    i.I2C_MasterRequestRead  stm32f1xx_hal_i2c.o
    0x08002ae0   0x08002ae0   0x000000c0   Code   RO         1646    i.I2C_MasterRequestWrite  stm32f1xx_hal_i2c.o
    0x08002ba0   0x08002ba0   0x00000066   Code   RO         1662    i.I2C_WaitOnBTFFlagUntilTimeout  stm32f1xx_hal_i2c.o
    0x08002c06   0x08002c06   0x000000be   Code   RO         1663    i.I2C_WaitOnFlagUntilTimeout  stm32f1xx_hal_i2c.o
    0x08002cc4   0x08002cc4   0x000000fa   Code   RO         1664    i.I2C_WaitOnMasterAddressFlagUntilTimeout  stm32f1xx_hal_i2c.o
    0x08002dbe   0x08002dbe   0x0000008a   Code   RO         1665    i.I2C_WaitOnRXNEFlagUntilTimeout  stm32f1xx_hal_i2c.o
    0x08002e48   0x08002e48   0x00000066   Code   RO         1668    i.I2C_WaitOnTXEFlagUntilTimeout  stm32f1xx_hal_i2c.o
    0x08002eae   0x08002eae   0x00000002   PAD
    0x08002eb0   0x08002eb0   0x000000d4   Code   RO         6177    i.I2cMaster_Init    bsp_i2c.o
    0x08002f84   0x08002f84   0x0000002c   Code   RO         6832    i.Key_Init          key.o
    0x08002fb0   0x08002fb0   0x000000a0   Code   RO         5982    i.LED_GPIO_Config   bsp_led.o
    0x08003050   0x08003050   0x00000026   Code   RO         6782    i.Lowpass           ad8232.o
    0x08003076   0x08003076   0x00000004   Code   RO         5905    i.MemManage_Handler  stm32f1xx_it.o
    0x0800307a   0x0800307a   0x00000002   Code   RO         5906    i.NMI_Handler       stm32f1xx_it.o
    0x0800307c   0x0800307c   0x00000070   Code   RO         7844    i.NVIC_Init         misc.o
    0x080030ec   0x080030ec   0x00000014   Code   RO         7845    i.NVIC_PriorityGroupConfig  misc.o
    0x08003100   0x08003100   0x00000028   Code   RO         6211    i.OLED_Clear        oled.o
    0x08003128   0x08003128   0x000000a8   Code   RO         6212    i.OLED_ClearArea    oled.o
    0x080031d0   0x080031d0   0x00000176   Code   RO         6218    i.OLED_DrawLine     oled.o
    0x08003346   0x08003346   0x00000002   PAD
    0x08003348   0x08003348   0x00000050   Code   RO         6219    i.OLED_DrawPoint    oled.o
    0x08003398   0x08003398   0x000000e8   Code   RO         6221    i.OLED_DrawTriangle  oled.o
    0x08003480   0x08003480   0x00000060   Code   RO         6222    i.OLED_GPIO_Init    oled.o
    0x080034e0   0x080034e0   0x0000003e   Code   RO         6224    i.OLED_I2C_SendByte  oled.o
    0x0800351e   0x0800351e   0x0000001c   Code   RO         6225    i.OLED_I2C_Start    oled.o
    0x0800353a   0x0800353a   0x00000016   Code   RO         6226    i.OLED_I2C_Stop     oled.o
    0x08003550   0x08003550   0x0000009a   Code   RO         6227    i.OLED_Init         oled.o
    0x080035ea   0x080035ea   0x00000014   Code   RO         6229    i.OLED_Pow          oled.o
    0x080035fe   0x080035fe   0x00000022   Code   RO         6233    i.OLED_SetCursor    oled.o
    0x08003620   0x08003620   0x00000054   Code   RO         6235    i.OLED_ShowChar     oled.o
    0x08003674   0x08003674   0x0000012c   Code   RO         6238    i.OLED_ShowImage    oled.o
    0x080037a0   0x080037a0   0x0000004c   Code   RO         6239    i.OLED_ShowNum      oled.o
    0x080037ec   0x080037ec   0x00000028   Code   RO         6242    i.OLED_Update       oled.o
    0x08003814   0x08003814   0x00000018   Code   RO         6244    i.OLED_W_SCL        oled.o
    0x0800382c   0x0800382c   0x00000018   Code   RO         6245    i.OLED_W_SDA        oled.o
    0x08003844   0x08003844   0x00000020   Code   RO         6246    i.OLED_WriteCommand  oled.o
    0x08003864   0x08003864   0x0000002e   Code   RO         6247    i.OLED_WriteData    oled.o
    0x08003892   0x08003892   0x0000008c   Code   RO         6248    i.OLED_pnpoly       oled.o
    0x0800391e   0x0800391e   0x00000002   Code   RO         5907    i.PendSV_Handler    stm32f1xx_it.o
    0x08003920   0x08003920   0x00000018   Code   RO         6861    i.RCC_ADCCLKConfig  stm32f10x_rcc.o
    0x08003938   0x08003938   0x00000020   Code   RO         6863    i.RCC_APB1PeriphClockCmd  stm32f10x_rcc.o
    0x08003958   0x08003958   0x00000020   Code   RO         6865    i.RCC_APB2PeriphClockCmd  stm32f10x_rcc.o
    0x08003978   0x08003978   0x00000028   Code   RO         2885    i.RCC_Delay         stm32f1xx_hal_rcc.o
    0x080039a0   0x080039a0   0x000000d4   Code   RO         6873    i.RCC_GetClocksFreq  stm32f10x_rcc.o
    0x08003a74   0x08003a74   0x00000002   Code   RO         5908    i.SVC_Handler       stm32f1xx_it.o
    0x08003a76   0x08003a76   0x00000008   Code   RO         5909    i.SysTick_Handler   stm32f1xx_it.o
    0x08003a7e   0x08003a7e   0x00000060   Code   RO         5779    i.SystemClock_Config  main.o
    0x08003ade   0x08003ade   0x00000002   Code   RO           14    i.SystemInit        system_stm32f1xx.o
    0x08003ae0   0x08003ae0   0x00000180   Code   RO         6592    i.TIM3_IRQHandler   timer2.o
    0x08003c60   0x08003c60   0x00000006   Code   RO         7291    i.TIM_ClearFlag     stm32f10x_tim.o
    0x08003c66   0x08003c66   0x00000006   Code   RO         7292    i.TIM_ClearITPendingBit  stm32f10x_tim.o
    0x08003c6c   0x08003c6c   0x00000018   Code   RO         7297    i.TIM_Cmd           stm32f10x_tim.o
    0x08003c84   0x08003c84   0x00000022   Code   RO         7318    i.TIM_GetITStatus   stm32f10x_tim.o
    0x08003ca6   0x08003ca6   0x00000012   Code   RO         7322    i.TIM_ITConfig      stm32f10x_tim.o
    0x08003cb8   0x08003cb8   0x0000000c   Code   RO         7324    i.TIM_InternalClockConfig  stm32f10x_tim.o
    0x08003cc4   0x08003cc4   0x000000a4   Code   RO         7368    i.TIM_TimeBaseInit  stm32f10x_tim.o
    0x08003d68   0x08003d68   0x0000007c   Code   RO         6593    i.Timer3_Init       timer2.o
    0x08003de4   0x08003de4   0x00000088   Code   RO         6694    i.USART2_IRQHandler  usart2.o
    0x08003e6c   0x08003e6c   0x00000018   Code   RO         7899    i.USART_Cmd         stm32f10x_usart.o
    0x08003e84   0x08003e84   0x0000001a   Code   RO         7902    i.USART_GetFlagStatus  stm32f10x_usart.o
    0x08003e9e   0x08003e9e   0x00000054   Code   RO         7903    i.USART_GetITStatus  stm32f10x_usart.o
    0x08003ef2   0x08003ef2   0x0000004a   Code   RO         7905    i.USART_ITConfig    stm32f10x_usart.o
    0x08003f3c   0x08003f3c   0x000000d8   Code   RO         7906    i.USART_Init        stm32f10x_usart.o
    0x08004014   0x08004014   0x0000000a   Code   RO         7913    i.USART_ReceiveData  stm32f10x_usart.o
    0x0800401e   0x0800401e   0x00000008   Code   RO         7916    i.USART_SendData    stm32f10x_usart.o
    0x08004026   0x08004026   0x00000004   Code   RO         5910    i.UsageFault_Handler  stm32f1xx_it.o
    0x0800402a   0x0800402a   0x00000002   PAD
    0x0800402c   0x0800402c   0x00000024   Code   RO         8426    i.__0vsprintf       mc_w.l(printfa.o)
    0x08004050   0x08004050   0x00000010   Code   RO          924    i.__NVIC_GetPriorityGrouping  stm32f1xx_hal_cortex.o
    0x08004060   0x08004060   0x00000028   Code   RO          925    i.__NVIC_SetPriority  stm32f1xx_hal_cortex.o
    0x08004088   0x08004088   0x0000000e   Code   RO         8561    i.__scatterload_copy  mc_w.l(handlers.o)
    0x08004096   0x08004096   0x00000002   Code   RO         8562    i.__scatterload_null  mc_w.l(handlers.o)
    0x08004098   0x08004098   0x0000000e   Code   RO         8563    i.__scatterload_zeroinit  mc_w.l(handlers.o)
    0x080040a6   0x080040a6   0x00000002   PAD
    0x080040a8   0x080040a8   0x00000184   Code   RO         8427    i._fp_digits        mc_w.l(printfa.o)
    0x0800422c   0x0800422c   0x000006b4   Code   RO         8428    i._printf_core      mc_w.l(printfa.o)
    0x080048e0   0x080048e0   0x00000024   Code   RO         8429    i._printf_post_padding  mc_w.l(printfa.o)
    0x08004904   0x08004904   0x0000002e   Code   RO         8430    i._printf_pre_padding  mc_w.l(printfa.o)
    0x08004932   0x08004932   0x0000000a   Code   RO         8432    i._sputc            mc_w.l(printfa.o)
    0x0800493c   0x0800493c   0x00000054   Code   RO         6632    i.delay_ms_01s      esp8266.o
    0x08004990   0x08004990   0x00000054   Code   RO         6634    i.esp8266_send_cmd  esp8266.o
    0x080049e4   0x080049e4   0x00000020   Code   RO         6130    i.ir_max30102_fir   max30102_fir.o
    0x08004a04   0x08004a04   0x000001cc   Code   RO         5780    i.main              main.o
    0x08004bd0   0x08004bd0   0x00000054   Code   RO         6063    i.max30102_fifo_read  max30102.o
    0x08004c24   0x08004c24   0x00000040   Code   RO         6131    i.max30102_fir_init  max30102_fir.o
    0x08004c64   0x08004c64   0x000000ac   Code   RO         6064    i.max30102_getHeartRate  max30102.o
    0x08004d10   0x08004d10   0x00000114   Code   RO         6065    i.max30102_getSpO2  max30102.o
    0x08004e24   0x08004e24   0x00000030   Code   RO         6066    i.max30102_i2c_read  max30102.o
    0x08004e54   0x08004e54   0x00000024   Code   RO         6067    i.max30102_i2c_write  max30102.o
    0x08004e78   0x08004e78   0x0000008e   Code   RO         6068    i.max30102_init     max30102.o
    0x08004f06   0x08004f06   0x00000002   PAD
    0x08004f08   0x08004f08   0x00000078   Code   RO         6069    i.max30102_int_gpio_init  max30102.o
    0x08004f80   0x08004f80   0x00000020   Code   RO         6132    i.red_max30102_fir  max30102_fir.o
    0x08004fa0   0x08004fa0   0x00000050   Code   RO         6695    i.u2_printf         usart2.o
    0x08004ff0   0x08004ff0   0x000000a4   Code   RO         6696    i.usart2_init       usart2.o
    0x08005094   0x08005094   0x00000018   Data   RO           15    .constdata          system_stm32f1xx.o
    0x080050ac   0x080050ac   0x00000012   Data   RO         2886    .constdata          stm32f1xx_hal_rcc.o
    0x080050be   0x080050be   0x00000002   PAD
    0x080050c0   0x080050c0   0x00000074   Data   RO         6134    .constdata          max30102_fir.o
    0x08005134   0x08005134   0x0000084a   Data   RO         6550    .constdata          oled_data.o
    0x0800597e   0x0800597e   0x00000002   PAD
    0x08005980   0x08005980   0x00000128   Data   RO         6635    .conststring        esp8266.o
    0x08005aa8   0x08005aa8   0x00000020   Data   RO         8559    Region$$Table       anon$$obj.o


    Execution Region RW_IRAM1 (Exec base: 0x20000000, Load base: 0x08005ac8, Size: 0x00001ac8, Max: 0x00005000, ABSOLUTE)

    Exec Addr    Load Addr    Size         Type   Attr      Idx    E Section Name        Object

    0x20000000   0x08005ac8   0x00000004   Data   RW           16    .data               system_stm32f1xx.o
    0x20000004   0x08005acc   0x00000009   Data   RW          228    .data               stm32f1xx_hal.o
    0x2000000d   0x08005ad5   0x00000001   PAD
    0x2000000e   0x08005ad6   0x00000007   Data   RW         5782    .data               main.o
    0x20000015   0x08005add   0x00000003   PAD
    0x20000018   0x08005ae0   0x00000008   Data   RW         6135    .data               max30102_fir.o
    0x20000020   0x08005ae8   0x00000009   Data   RW         6595    .data               timer2.o
    0x20000029   0x08005af1   0x00000001   PAD
    0x2000002a   0x08005af2   0x00000002   Data   RW         6698    .data               usart2.o
    0x2000002c   0x08005af4   0x00000014   Data   RW         6893    .data               stm32f10x_rcc.o
    0x20000040        -       0x000007e8   Zero   RW         5781    .bss                main.o
    0x20000828        -       0x00000100   Zero   RW         6133    .bss                max30102_fir.o
    0x20000928        -       0x00000400   Zero   RW         6249    .bss                oled.o
    0x20000d28        -       0x000004ec   Zero   RW         6594    .bss                timer2.o
    0x20001214   0x08005b08   0x00000004   PAD
    0x20001218        -       0x000004b0   Zero   RW         6697    .bss                usart2.o
    0x200016c8        -       0x00000400   Zero   RW            1    STACK               startup_stm32f103xb.o


==============================================================================

Image component sizes


      Code (inc. data)   RO Data    RW Data    ZI Data      Debug   Object Name

       196         14          0          0          0       1072   ad.o
       102          6          0          0          0       1107   ad8232.o
       212         20          0          0          0       1049   bsp_i2c.o
       160         10          0          0          0        946   bsp_led.o
       432        180        296          0          0       2244   esp8266.o
        44          4          0          0          0        479   key.o
       572         54          0          7       2024      18137   main.o
       878         44          0          0          0       5170   max30102.o
       128         44        116          8        256       2444   max30102_fir.o
       132         22          0          0          0       3319   misc.o
      2076         50          0          0       1024     264234   oled.o
         0          0       2122          0          0        637   oled_data.o
        36          8        236          0       1024        920   startup_stm32f103xb.o
       394         10          0          0          0      17241   stm32f10x_adc.o
       288          0          0          0          0      19764   stm32f10x_gpio.o
       300         38          0         20          0     217229   stm32f10x_rcc.o
       264         42          0          0          0      25104   stm32f10x_tim.o
       442          6          0          0          0      12321   stm32f10x_usart.o
       194         36          0          9          0       6375   stm32f1xx_hal.o
       304         22          0          0          0      29423   stm32f1xx_hal_cortex.o
       828         38          0          0          0       2655   stm32f1xx_hal_gpio.o
      3066         54          0          0          0      12467   stm32f1xx_hal_i2c.o
      1716         88         18          0          0       5425   stm32f1xx_hal_rcc.o
        42          0          0          0          0       4319   stm32f1xx_it.o
         2          0         24          4          0     393995   system_stm32f1xx.o
       508         30          0          9       1260       1997   timer2.o
       380         30          0          2       1200       2746   usart2.o

    ----------------------------------------------------------------------
     13716        850       2848         64       6792    1052819   Object Totals
         0          0         32          0          0          0   (incl. Generated)
        20          0          4          5          4          0   (incl. Padding)

    ----------------------------------------------------------------------

      Code (inc. data)   RO Data    RW Data    ZI Data      Debug   Library Member Name

      2274          0          0          0          0      21506   arm_fir_f32.o
        28          0          0          0          0       1059   arm_fir_init_f32.o
         0          0          0          0          0          0   entry.o
         0          0          0          0          0          0   entry10a.o
         0          0          0          0          0          0   entry11a.o
         4          0          0          0          0          0   entry12b.o
         8          4          0          0          0          0   entry2.o
         4          0          0          0          0          0   entry5.o
         0          0          0          0          0          0   entry7b.o
         0          0          0          0          0          0   entry8b.o
         8          4          0          0          0          0   entry9a.o
        30          0          0          0          0          0   handlers.o
        36          8          0          0          0         68   init.o
         0          0          0          0          0          0   iusefp.o
        30          0          0          0          0         68   llshl.o
        36          0          0          0          0         68   llsshr.o
        32          0          0          0          0         68   llushr.o
        36          0          0          0          0        108   memseta.o
      2232         86          0          0          0        528   printfa.o
        14          0          0          0          0         68   strlen.o
        44          0          0          0          0         80   uidiv.o
        98          0          0          0          0         92   uldiv.o
        48          0          0          0          0         68   cdrcmple.o
        20          0          0          0          0         68   cfcmple.o
        20          0          0          0          0         68   cfrcmple.o
        56          0          0          0          0         88   d2f.o
       334          0          0          0          0        148   dadd.o
       222          0          0          0          0        100   ddiv.o
       186          0          0          0          0        176   depilogue.o
        48          0          0          0          0         68   dfixul.o
       228          0          0          0          0         96   dmul.o
        38          0          0          0          0         68   f2d.o
       176          0          0          0          0        140   fadd.o
       124          0          0          0          0         88   fdiv.o
       110          0          0          0          0        168   fepilogue.o
        40          0          0          0          0         68   ffixui.o
        10          0          0          0          0         68   ffltui.o
       100          0          0          0          0         76   fmul.o

    ----------------------------------------------------------------------
      6676        102          0          0          0      25269   Library Totals
         2          0          0          0          0          0   (incl. Padding)

    ----------------------------------------------------------------------

      Code (inc. data)   RO Data    RW Data    ZI Data      Debug   Library Name

      2302          0          0          0          0      22565   arm_cortexM3l_math.lib
      2612        102          0          0          0       1148   mc_w.l
      1760          0          0          0          0       1556   mf_w.l

    ----------------------------------------------------------------------
      6676        102          0          0          0      25269   Library Totals

    ----------------------------------------------------------------------

==============================================================================


      Code (inc. data)   RO Data    RW Data    ZI Data      Debug   

     20392        952       2848         64       6792    1070388   Grand Totals
     20392        952       2848         64       6792    1070388   ELF Image Totals
     20392        952       2848         64          0          0   ROM Totals

==============================================================================

    Total RO  Size (Code + RO Data)                23240 (  22.70kB)
    Total RW  Size (RW Data + ZI Data)              6856 (   6.70kB)
    Total ROM Size (Code + RO Data + RW Data)      23304 (  22.76kB)

==============================================================================

